Archive member included because of file (symbol)

/Applications/TI/ccsv7/tools/compiler/gcc-arm-none-eabi-4_9-2015q3/bin/../lib/gcc/arm-none-eabi/4.9.3/../../../../arm-none-eabi/lib/armv7e-m/fpu/libg.a(lib_a-exit.o)
                              /Applications/TI/ccsv7/tools/compiler/gcc-arm-none-eabi-4_9-2015q3/bin/../lib/gcc/arm-none-eabi/4.9.3/../../../../arm-none-eabi/lib/armv7e-m/fpu/crt0.o (exit)
/Applications/TI/ccsv7/tools/compiler/gcc-arm-none-eabi-4_9-2015q3/bin/../lib/gcc/arm-none-eabi/4.9.3/../../../../arm-none-eabi/lib/armv7e-m/fpu/libg.a(lib_a-impure.o)
                              /Applications/TI/ccsv7/tools/compiler/gcc-arm-none-eabi-4_9-2015q3/bin/../lib/gcc/arm-none-eabi/4.9.3/../../../../arm-none-eabi/lib/armv7e-m/fpu/libg.a(lib_a-exit.o) (_global_impure_ptr)
/Applications/TI/ccsv7/tools/compiler/gcc-arm-none-eabi-4_9-2015q3/bin/../lib/gcc/arm-none-eabi/4.9.3/../../../../arm-none-eabi/lib/armv7e-m/fpu/libg.a(lib_a-init.o)
                              /Applications/TI/ccsv7/tools/compiler/gcc-arm-none-eabi-4_9-2015q3/bin/../lib/gcc/arm-none-eabi/4.9.3/../../../../arm-none-eabi/lib/armv7e-m/fpu/crt0.o (__libc_init_array)
/Applications/TI/ccsv7/tools/compiler/gcc-arm-none-eabi-4_9-2015q3/bin/../lib/gcc/arm-none-eabi/4.9.3/../../../../arm-none-eabi/lib/armv7e-m/fpu/libg.a(lib_a-memcpy.o)
                              ./FRT_Library/FreeRTOS/Source/queue.o (memcpy)
/Applications/TI/ccsv7/tools/compiler/gcc-arm-none-eabi-4_9-2015q3/bin/../lib/gcc/arm-none-eabi/4.9.3/../../../../arm-none-eabi/lib/armv7e-m/fpu/libg.a(lib_a-memset.o)
                              /Applications/TI/ccsv7/tools/compiler/gcc-arm-none-eabi-4_9-2015q3/bin/../lib/gcc/arm-none-eabi/4.9.3/../../../../arm-none-eabi/lib/armv7e-m/fpu/crt0.o (memset)
/Applications/TI/ccsv7/tools/compiler/gcc-arm-none-eabi-4_9-2015q3/bin/../lib/gcc/arm-none-eabi/4.9.3/../../../../arm-none-eabi/lib/armv7e-m/fpu/libg.a(lib_a-strncpy.o)
                              ./FRT_Library/FreeRTOS/Source/tasks.o (strncpy)
/Applications/TI/ccsv7/tools/compiler/gcc-arm-none-eabi-4_9-2015q3/bin/../lib/gcc/arm-none-eabi/4.9.3/../../../../arm-none-eabi/lib/armv7e-m/fpu/libg.a(lib_a-__call_atexit.o)
                              /Applications/TI/ccsv7/tools/compiler/gcc-arm-none-eabi-4_9-2015q3/bin/../lib/gcc/arm-none-eabi/4.9.3/../../../../arm-none-eabi/lib/armv7e-m/fpu/libg.a(lib_a-exit.o) (__call_exitprocs)
/Applications/TI/ccsv7/tools/compiler/gcc-arm-none-eabi-4_9-2015q3/bin/../lib/gcc/arm-none-eabi/4.9.3/../../../../arm-none-eabi/lib/armv7e-m/fpu/libg.a(lib_a-atexit.o)
                              /Applications/TI/ccsv7/tools/compiler/gcc-arm-none-eabi-4_9-2015q3/bin/../lib/gcc/arm-none-eabi/4.9.3/../../../../arm-none-eabi/lib/armv7e-m/fpu/libg.a(lib_a-__call_atexit.o) (atexit)
/Applications/TI/ccsv7/tools/compiler/gcc-arm-none-eabi-4_9-2015q3/bin/../lib/gcc/arm-none-eabi/4.9.3/../../../../arm-none-eabi/lib/armv7e-m/fpu/libg.a(lib_a-fini.o)
                              /Applications/TI/ccsv7/tools/compiler/gcc-arm-none-eabi-4_9-2015q3/bin/../lib/gcc/arm-none-eabi/4.9.3/../../../../arm-none-eabi/lib/armv7e-m/fpu/libg.a(lib_a-__call_atexit.o) (__libc_fini_array)
/Applications/TI/ccsv7/tools/compiler/gcc-arm-none-eabi-4_9-2015q3/bin/../lib/gcc/arm-none-eabi/4.9.3/../../../../arm-none-eabi/lib/armv7e-m/fpu/libg.a(lib_a-__atexit.o)
                              /Applications/TI/ccsv7/tools/compiler/gcc-arm-none-eabi-4_9-2015q3/bin/../lib/gcc/arm-none-eabi/4.9.3/../../../../arm-none-eabi/lib/armv7e-m/fpu/libg.a(lib_a-atexit.o) (__register_exitproc)
/Applications/TI/ccsv7/tools/compiler/gcc-arm-none-eabi-4_9-2015q3/bin/../lib/gcc/arm-none-eabi/4.9.3/../../../../arm-none-eabi/lib/armv7e-m/fpu/libnosys.a(_exit.o)
                              /Applications/TI/ccsv7/tools/compiler/gcc-arm-none-eabi-4_9-2015q3/bin/../lib/gcc/arm-none-eabi/4.9.3/../../../../arm-none-eabi/lib/armv7e-m/fpu/libg.a(lib_a-exit.o) (_exit)

Memory Configuration

Name             Origin             Length             Attributes
FLASH            0x0000000000000000 0x0000000000040000 xr
SRAM             0x0000000020000000 0x0000000000008000 xw
*default*        0x0000000000000000 0xffffffffffffffff

Linker script and memory map

LOAD /Applications/TI/ccsv7/tools/compiler/gcc-arm-none-eabi-4_9-2015q3/bin/../lib/gcc/arm-none-eabi/4.9.3/armv7e-m/fpu/crti.o
LOAD /Applications/TI/ccsv7/tools/compiler/gcc-arm-none-eabi-4_9-2015q3/bin/../lib/gcc/arm-none-eabi/4.9.3/armv7e-m/fpu/crtbegin.o
LOAD /Applications/TI/ccsv7/tools/compiler/gcc-arm-none-eabi-4_9-2015q3/bin/../lib/gcc/arm-none-eabi/4.9.3/../../../../arm-none-eabi/lib/armv7e-m/fpu/crt0.o
LOAD ./main.o
LOAD ./startup_frt.o
LOAD ./systick_frt.o
LOAD ./FRT_Library/FreeRTOS/Source/croutine.o
LOAD ./FRT_Library/FreeRTOS/Source/list.o
LOAD ./FRT_Library/FreeRTOS/Source/queue.o
LOAD ./FRT_Library/FreeRTOS/Source/tasks.o
LOAD ./FRT_Library/FreeRTOS/Source/portable/GCC/ARM_CM4/common.o
LOAD ./FRT_Library/FreeRTOS/Source/portable/GCC/ARM_CM4/port.o
LOAD ./FRT_Library/FreeRTOS/Source/portable/MemMang/heap_2.o
                0x0000000000000000                PROVIDE (_intvecs_base_address, 0x0)

.intvecs        0x0000000000000000      0x26c
 *(.intvecs)
 .intvecs       0x0000000000000000      0x26c ./startup_frt.o
                0x0000000000000000                g_pfnVectors
                0x0000000020000000                PROVIDE (_vtable_base_address, 0x20000000)

.vtable
 *(.vtable)

.text           0x000000000000026c     0x2708
 CREATE_OBJECT_SYMBOLS
 *(.text)
 .text          0x000000000000026c        0x0 /Applications/TI/ccsv7/tools/compiler/gcc-arm-none-eabi-4_9-2015q3/bin/../lib/gcc/arm-none-eabi/4.9.3/armv7e-m/fpu/crti.o
 .text          0x000000000000026c       0x5c /Applications/TI/ccsv7/tools/compiler/gcc-arm-none-eabi-4_9-2015q3/bin/../lib/gcc/arm-none-eabi/4.9.3/armv7e-m/fpu/crtbegin.o
 .text          0x00000000000002c8       0x74 /Applications/TI/ccsv7/tools/compiler/gcc-arm-none-eabi-4_9-2015q3/bin/../lib/gcc/arm-none-eabi/4.9.3/../../../../arm-none-eabi/lib/armv7e-m/fpu/crt0.o
                0x00000000000002c8                _mainCRTStartup
                0x00000000000002c8                _start
 .text          0x000000000000033c        0x0 ./main.o
 .text          0x000000000000033c        0x0 ./startup_frt.o
 .text          0x000000000000033c        0x0 ./systick_frt.o
 .text          0x000000000000033c        0x0 ./FRT_Library/FreeRTOS/Source/croutine.o
 .text          0x000000000000033c        0x0 ./FRT_Library/FreeRTOS/Source/list.o
 .text          0x000000000000033c        0x0 ./FRT_Library/FreeRTOS/Source/queue.o
 .text          0x000000000000033c        0x0 ./FRT_Library/FreeRTOS/Source/tasks.o
 .text          0x000000000000033c        0x0 ./FRT_Library/FreeRTOS/Source/portable/GCC/ARM_CM4/common.o
 .text          0x000000000000033c        0x0 ./FRT_Library/FreeRTOS/Source/portable/GCC/ARM_CM4/port.o
 .text          0x000000000000033c        0x0 ./FRT_Library/FreeRTOS/Source/portable/MemMang/heap_2.o
 .text          0x000000000000033c        0x0 /Applications/TI/ccsv7/tools/compiler/gcc-arm-none-eabi-4_9-2015q3/bin/../lib/gcc/arm-none-eabi/4.9.3/../../../../arm-none-eabi/lib/armv7e-m/fpu/libg.a(lib_a-exit.o)
 .text          0x000000000000033c        0x0 /Applications/TI/ccsv7/tools/compiler/gcc-arm-none-eabi-4_9-2015q3/bin/../lib/gcc/arm-none-eabi/4.9.3/../../../../arm-none-eabi/lib/armv7e-m/fpu/libg.a(lib_a-impure.o)
 .text          0x000000000000033c        0x0 /Applications/TI/ccsv7/tools/compiler/gcc-arm-none-eabi-4_9-2015q3/bin/../lib/gcc/arm-none-eabi/4.9.3/../../../../arm-none-eabi/lib/armv7e-m/fpu/libg.a(lib_a-init.o)
 .text          0x000000000000033c      0x134 /Applications/TI/ccsv7/tools/compiler/gcc-arm-none-eabi-4_9-2015q3/bin/../lib/gcc/arm-none-eabi/4.9.3/../../../../arm-none-eabi/lib/armv7e-m/fpu/libg.a(lib_a-memcpy.o)
                0x000000000000033c                memcpy
 .text          0x0000000000000470        0x0 /Applications/TI/ccsv7/tools/compiler/gcc-arm-none-eabi-4_9-2015q3/bin/../lib/gcc/arm-none-eabi/4.9.3/../../../../arm-none-eabi/lib/armv7e-m/fpu/libg.a(lib_a-memset.o)
 .text          0x0000000000000470        0x0 /Applications/TI/ccsv7/tools/compiler/gcc-arm-none-eabi-4_9-2015q3/bin/../lib/gcc/arm-none-eabi/4.9.3/../../../../arm-none-eabi/lib/armv7e-m/fpu/libg.a(lib_a-strncpy.o)
 .text          0x0000000000000470        0x0 /Applications/TI/ccsv7/tools/compiler/gcc-arm-none-eabi-4_9-2015q3/bin/../lib/gcc/arm-none-eabi/4.9.3/../../../../arm-none-eabi/lib/armv7e-m/fpu/libg.a(lib_a-__call_atexit.o)
 .text          0x0000000000000470        0x0 /Applications/TI/ccsv7/tools/compiler/gcc-arm-none-eabi-4_9-2015q3/bin/../lib/gcc/arm-none-eabi/4.9.3/../../../../arm-none-eabi/lib/armv7e-m/fpu/libg.a(lib_a-atexit.o)
 .text          0x0000000000000470        0x0 /Applications/TI/ccsv7/tools/compiler/gcc-arm-none-eabi-4_9-2015q3/bin/../lib/gcc/arm-none-eabi/4.9.3/../../../../arm-none-eabi/lib/armv7e-m/fpu/libg.a(lib_a-fini.o)
 .text          0x0000000000000470        0x0 /Applications/TI/ccsv7/tools/compiler/gcc-arm-none-eabi-4_9-2015q3/bin/../lib/gcc/arm-none-eabi/4.9.3/../../../../arm-none-eabi/lib/armv7e-m/fpu/libg.a(lib_a-__atexit.o)
 .text          0x0000000000000470        0x0 /Applications/TI/ccsv7/tools/compiler/gcc-arm-none-eabi-4_9-2015q3/bin/../lib/gcc/arm-none-eabi/4.9.3/../../../../arm-none-eabi/lib/armv7e-m/fpu/libnosys.a(_exit.o)
 .text          0x0000000000000470        0x0 /Applications/TI/ccsv7/tools/compiler/gcc-arm-none-eabi-4_9-2015q3/bin/../lib/gcc/arm-none-eabi/4.9.3/armv7e-m/fpu/crtend.o
 .text          0x0000000000000470        0x0 /Applications/TI/ccsv7/tools/compiler/gcc-arm-none-eabi-4_9-2015q3/bin/../lib/gcc/arm-none-eabi/4.9.3/armv7e-m/fpu/crtn.o
 *(.text.*)
 .text.putChar  0x0000000000000470       0x10 ./main.o
                0x0000000000000470                putChar
 .text.setupHardware
                0x0000000000000480        0xc ./main.o
 .text.main     0x000000000000048c       0x14 ./main.o
                0x000000000000048c                main
 .text.ResetISR
                0x00000000000004a0       0x68 ./startup_frt.o
                0x00000000000004a0                ResetISR
 .text.NmiSR    0x0000000000000508        0x8 ./startup_frt.o
 .text.FaultISR
                0x0000000000000510        0x8 ./startup_frt.o
 .text.IntDefaultHandler
                0x0000000000000518        0x8 ./startup_frt.o
 .text.enable_global_int
                0x0000000000000520       0x10 ./systick_frt.o
                0x0000000000000520                enable_global_int
 .text.disable_global_int
                0x0000000000000530       0x10 ./systick_frt.o
                0x0000000000000530                disable_global_int
 .text.init_systick
                0x0000000000000540       0x84 ./systick_frt.o
                0x0000000000000540                init_systick
 .text.xCoRoutineCreate
                0x00000000000005c4       0xcc ./FRT_Library/FreeRTOS/Source/croutine.o
                0x00000000000005c4                xCoRoutineCreate
 .text.vCoRoutineAddToDelayedList
                0x0000000000000690       0x84 ./FRT_Library/FreeRTOS/Source/croutine.o
                0x0000000000000690                vCoRoutineAddToDelayedList
 .text.prvCheckPendingReadyList
                0x0000000000000714       0x8c ./FRT_Library/FreeRTOS/Source/croutine.o
 .text.prvCheckDelayedList
                0x00000000000007a0      0x104 ./FRT_Library/FreeRTOS/Source/croutine.o
 .text.vCoRoutineSchedule
                0x00000000000008a4       0xa0 ./FRT_Library/FreeRTOS/Source/croutine.o
                0x00000000000008a4                vCoRoutineSchedule
 .text.prvInitialiseCoRoutineLists
                0x0000000000000944       0x68 ./FRT_Library/FreeRTOS/Source/croutine.o
 .text.xCoRoutineRemoveFromEventList
                0x00000000000009ac       0x5c ./FRT_Library/FreeRTOS/Source/croutine.o
                0x00000000000009ac                xCoRoutineRemoveFromEventList
 .text.vListInitialise
                0x0000000000000a08       0x40 ./FRT_Library/FreeRTOS/Source/list.o
                0x0000000000000a08                vListInitialise
 .text.vListInitialiseItem
                0x0000000000000a48       0x18 ./FRT_Library/FreeRTOS/Source/list.o
                0x0000000000000a48                vListInitialiseItem
 .text.vListInsertEnd
                0x0000000000000a60       0x50 ./FRT_Library/FreeRTOS/Source/list.o
                0x0000000000000a60                vListInsertEnd
 .text.vListInsert
                0x0000000000000ab0       0x70 ./FRT_Library/FreeRTOS/Source/list.o
                0x0000000000000ab0                vListInsert
 .text.vListRemove
                0x0000000000000b20       0x50 ./FRT_Library/FreeRTOS/Source/list.o
                0x0000000000000b20                vListRemove
 .text.xQueueCreate
                0x0000000000000b70       0xb8 ./FRT_Library/FreeRTOS/Source/queue.o
                0x0000000000000b70                xQueueCreate
 .text.xQueueCreateMutex
                0x0000000000000c28       0x78 ./FRT_Library/FreeRTOS/Source/queue.o
                0x0000000000000c28                xQueueCreateMutex
 .text.xQueueGiveMutexRecursive
                0x0000000000000ca0       0x48 ./FRT_Library/FreeRTOS/Source/queue.o
                0x0000000000000ca0                xQueueGiveMutexRecursive
 .text.xQueueTakeMutexRecursive
                0x0000000000000ce8       0x50 ./FRT_Library/FreeRTOS/Source/queue.o
                0x0000000000000ce8                xQueueTakeMutexRecursive
 .text.xQueueGenericSend
                0x0000000000000d38      0x10c ./FRT_Library/FreeRTOS/Source/queue.o
                0x0000000000000d38                xQueueGenericSend
 .text.xQueueGenericSendFromISR
                0x0000000000000e44       0x80 ./FRT_Library/FreeRTOS/Source/queue.o
                0x0000000000000e44                xQueueGenericSendFromISR
 .text.xQueueGenericReceive
                0x0000000000000ec4      0x16c ./FRT_Library/FreeRTOS/Source/queue.o
                0x0000000000000ec4                xQueueGenericReceive
 .text.xQueueReceiveFromISR
                0x0000000000001030       0x84 ./FRT_Library/FreeRTOS/Source/queue.o
                0x0000000000001030                xQueueReceiveFromISR
 .text.uxQueueMessagesWaiting
                0x00000000000010b4       0x20 ./FRT_Library/FreeRTOS/Source/queue.o
                0x00000000000010b4                uxQueueMessagesWaiting
 .text.uxQueueMessagesWaitingFromISR
                0x00000000000010d4       0x1c ./FRT_Library/FreeRTOS/Source/queue.o
                0x00000000000010d4                uxQueueMessagesWaitingFromISR
 .text.vQueueDelete
                0x00000000000010f0       0x20 ./FRT_Library/FreeRTOS/Source/queue.o
                0x00000000000010f0                vQueueDelete
 .text.prvCopyDataToQueue
                0x0000000000001110       0xb8 ./FRT_Library/FreeRTOS/Source/queue.o
 .text.prvCopyDataFromQueue
                0x00000000000011c8       0x4c ./FRT_Library/FreeRTOS/Source/queue.o
 .text.prvUnlockQueue
                0x0000000000001214       0x98 ./FRT_Library/FreeRTOS/Source/queue.o
 .text.prvIsQueueEmpty
                0x00000000000012ac       0x2c ./FRT_Library/FreeRTOS/Source/queue.o
 .text.xQueueIsQueueEmptyFromISR
                0x00000000000012d8       0x28 ./FRT_Library/FreeRTOS/Source/queue.o
                0x00000000000012d8                xQueueIsQueueEmptyFromISR
 .text.prvIsQueueFull
                0x0000000000001300       0x30 ./FRT_Library/FreeRTOS/Source/queue.o
 .text.xQueueIsQueueFullFromISR
                0x0000000000001330       0x2c ./FRT_Library/FreeRTOS/Source/queue.o
                0x0000000000001330                xQueueIsQueueFullFromISR
 .text.xTaskGenericCreate
                0x000000000000135c      0x148 ./FRT_Library/FreeRTOS/Source/tasks.o
                0x000000000000135c                xTaskGenericCreate
 .text.vTaskDelete
                0x00000000000014a4       0x98 ./FRT_Library/FreeRTOS/Source/tasks.o
                0x00000000000014a4                vTaskDelete
 .text.vTaskDelayUntil
                0x000000000000153c       0xd0 ./FRT_Library/FreeRTOS/Source/tasks.o
                0x000000000000153c                vTaskDelayUntil
 .text.vTaskDelay
                0x000000000000160c       0x8c ./FRT_Library/FreeRTOS/Source/tasks.o
                0x000000000000160c                vTaskDelay
 .text.uxTaskPriorityGet
                0x0000000000001698       0x34 ./FRT_Library/FreeRTOS/Source/tasks.o
                0x0000000000001698                uxTaskPriorityGet
 .text.vTaskPrioritySet
                0x00000000000016cc       0xf8 ./FRT_Library/FreeRTOS/Source/tasks.o
                0x00000000000016cc                vTaskPrioritySet
 .text.vTaskSuspend
                0x00000000000017c4       0x70 ./FRT_Library/FreeRTOS/Source/tasks.o
                0x00000000000017c4                vTaskSuspend
 .text.xTaskIsTaskSuspended
                0x0000000000001834       0x48 ./FRT_Library/FreeRTOS/Source/tasks.o
                0x0000000000001834                xTaskIsTaskSuspended
 .text.vTaskResume
                0x000000000000187c       0x90 ./FRT_Library/FreeRTOS/Source/tasks.o
                0x000000000000187c                vTaskResume
 .text.xTaskResumeFromISR
                0x000000000000190c       0xa0 ./FRT_Library/FreeRTOS/Source/tasks.o
                0x000000000000190c                xTaskResumeFromISR
 .text.vTaskStartScheduler
                0x00000000000019ac       0x58 ./FRT_Library/FreeRTOS/Source/tasks.o
                0x00000000000019ac                vTaskStartScheduler
 .text.vTaskEndScheduler
                0x0000000000001a04       0x1c ./FRT_Library/FreeRTOS/Source/tasks.o
                0x0000000000001a04                vTaskEndScheduler
 .text.vTaskSuspendAll
                0x0000000000001a20       0x1c ./FRT_Library/FreeRTOS/Source/tasks.o
                0x0000000000001a20                vTaskSuspendAll
 .text.xTaskResumeAll
                0x0000000000001a3c      0x100 ./FRT_Library/FreeRTOS/Source/tasks.o
                0x0000000000001a3c                xTaskResumeAll
 .text.xTaskGetTickCount
                0x0000000000001b3c       0x24 ./FRT_Library/FreeRTOS/Source/tasks.o
                0x0000000000001b3c                xTaskGetTickCount
 .text.uxTaskGetNumberOfTasks
                0x0000000000001b60       0x18 ./FRT_Library/FreeRTOS/Source/tasks.o
                0x0000000000001b60                uxTaskGetNumberOfTasks
 .text.vTaskIncrementTick
                0x0000000000001b78       0xdc ./FRT_Library/FreeRTOS/Source/tasks.o
                0x0000000000001b78                vTaskIncrementTick
 .text.vTaskSwitchContext
                0x0000000000001c54       0x94 ./FRT_Library/FreeRTOS/Source/tasks.o
                0x0000000000001c54                vTaskSwitchContext
 .text.vTaskPlaceOnEventList
                0x0000000000001ce8       0x98 ./FRT_Library/FreeRTOS/Source/tasks.o
                0x0000000000001ce8                vTaskPlaceOnEventList
 .text.xTaskRemoveFromEventList
                0x0000000000001d80       0xac ./FRT_Library/FreeRTOS/Source/tasks.o
                0x0000000000001d80                xTaskRemoveFromEventList
 .text.vTaskSetTimeOutState
                0x0000000000001e2c       0x2c ./FRT_Library/FreeRTOS/Source/tasks.o
                0x0000000000001e2c                vTaskSetTimeOutState
 .text.xTaskCheckForTimeOut
                0x0000000000001e58       0x88 ./FRT_Library/FreeRTOS/Source/tasks.o
                0x0000000000001e58                xTaskCheckForTimeOut
 .text.vTaskMissedYield
                0x0000000000001ee0       0x18 ./FRT_Library/FreeRTOS/Source/tasks.o
                0x0000000000001ee0                vTaskMissedYield
 .text.prvIdleTask
                0x0000000000001ef8       0x20 ./FRT_Library/FreeRTOS/Source/tasks.o
 .text.prvInitialiseTCBVariables
                0x0000000000001f18       0x6c ./FRT_Library/FreeRTOS/Source/tasks.o
 .text.prvInitialiseTaskLists
                0x0000000000001f84       0x7c ./FRT_Library/FreeRTOS/Source/tasks.o
 .text.prvCheckTasksWaitingTermination
                0x0000000000002000       0x84 ./FRT_Library/FreeRTOS/Source/tasks.o
 .text.prvAllocateTCBAndStack
                0x0000000000002084       0x64 ./FRT_Library/FreeRTOS/Source/tasks.o
 .text.prvDeleteTCB
                0x00000000000020e8       0x20 ./FRT_Library/FreeRTOS/Source/tasks.o
 .text.xTaskGetCurrentTaskHandle
                0x0000000000002108       0x20 ./FRT_Library/FreeRTOS/Source/tasks.o
                0x0000000000002108                xTaskGetCurrentTaskHandle
 .text.vTaskPriorityInherit
                0x0000000000002128       0xa4 ./FRT_Library/FreeRTOS/Source/tasks.o
                0x0000000000002128                vTaskPriorityInherit
 .text.vTaskPriorityDisinherit
                0x00000000000021cc       0x7c ./FRT_Library/FreeRTOS/Source/tasks.o
                0x00000000000021cc                vTaskPriorityDisinherit
 .text.vApplicationStackOverflowHook
                0x0000000000002248       0x2c ./FRT_Library/FreeRTOS/Source/portable/GCC/ARM_CM4/common.o
                0x0000000000002248                vApplicationStackOverflowHook
 .text.pxPortInitialiseStack
                0x0000000000002274       0x54 ./FRT_Library/FreeRTOS/Source/portable/GCC/ARM_CM4/port.o
                0x0000000000002274                pxPortInitialiseStack
 .text.vPortSVCHandler
                0x00000000000022c8       0x20 ./FRT_Library/FreeRTOS/Source/portable/GCC/ARM_CM4/port.o
                0x00000000000022c8                vPortSVCHandler
 .text.vPortStartFirstTask
                0x00000000000022e8       0x10 ./FRT_Library/FreeRTOS/Source/portable/GCC/ARM_CM4/port.o
                0x00000000000022e8                vPortStartFirstTask
 .text.xPortStartScheduler
                0x00000000000022f8       0x38 ./FRT_Library/FreeRTOS/Source/portable/GCC/ARM_CM4/port.o
                0x00000000000022f8                xPortStartScheduler
 .text.vPortEndScheduler
                0x0000000000002330        0xc ./FRT_Library/FreeRTOS/Source/portable/GCC/ARM_CM4/port.o
                0x0000000000002330                vPortEndScheduler
 .text.vPortYieldFromISR
                0x000000000000233c       0x18 ./FRT_Library/FreeRTOS/Source/portable/GCC/ARM_CM4/port.o
                0x000000000000233c                vPortYieldFromISR
 .text.vPortEnterCritical
                0x0000000000002354       0x24 ./FRT_Library/FreeRTOS/Source/portable/GCC/ARM_CM4/port.o
                0x0000000000002354                vPortEnterCritical
 .text.vPortExitCritical
                0x0000000000002378       0x2c ./FRT_Library/FreeRTOS/Source/portable/GCC/ARM_CM4/port.o
                0x0000000000002378                vPortExitCritical
 .text.xPortPendSVHandler
                0x00000000000023a4       0x3c ./FRT_Library/FreeRTOS/Source/portable/GCC/ARM_CM4/port.o
                0x00000000000023a4                xPortPendSVHandler
 .text.xPortSysTickHandler
                0x00000000000023e0       0x30 ./FRT_Library/FreeRTOS/Source/portable/GCC/ARM_CM4/port.o
                0x00000000000023e0                xPortSysTickHandler
 .text.prvSetupTimerInterrupt
                0x0000000000002410       0x24 ./FRT_Library/FreeRTOS/Source/portable/GCC/ARM_CM4/port.o
 .text.pvPortMalloc
                0x0000000000002434      0x14c ./FRT_Library/FreeRTOS/Source/portable/MemMang/heap_2.o
                0x0000000000002434                pvPortMalloc
 .text.vPortFree
                0x0000000000002580       0x70 ./FRT_Library/FreeRTOS/Source/portable/MemMang/heap_2.o
                0x0000000000002580                vPortFree
 .text.xPortGetFreeHeapSize
                0x00000000000025f0       0x18 ./FRT_Library/FreeRTOS/Source/portable/MemMang/heap_2.o
                0x00000000000025f0                xPortGetFreeHeapSize
 .text.vPortInitialiseBlocks
                0x0000000000002608        0xc ./FRT_Library/FreeRTOS/Source/portable/MemMang/heap_2.o
                0x0000000000002608                vPortInitialiseBlocks
 .text.exit     0x0000000000002614       0x20 /Applications/TI/ccsv7/tools/compiler/gcc-arm-none-eabi-4_9-2015q3/bin/../lib/gcc/arm-none-eabi/4.9.3/../../../../arm-none-eabi/lib/armv7e-m/fpu/libg.a(lib_a-exit.o)
                0x0000000000002614                exit
 .text.__libc_init_array
                0x0000000000002634       0x50 /Applications/TI/ccsv7/tools/compiler/gcc-arm-none-eabi-4_9-2015q3/bin/../lib/gcc/arm-none-eabi/4.9.3/../../../../arm-none-eabi/lib/armv7e-m/fpu/libg.a(lib_a-init.o)
                0x0000000000002634                __libc_init_array
 .text.memset   0x0000000000002684       0x9c /Applications/TI/ccsv7/tools/compiler/gcc-arm-none-eabi-4_9-2015q3/bin/../lib/gcc/arm-none-eabi/4.9.3/../../../../arm-none-eabi/lib/armv7e-m/fpu/libg.a(lib_a-memset.o)
                0x0000000000002684                memset
 .text.strncpy  0x0000000000002720       0x68 /Applications/TI/ccsv7/tools/compiler/gcc-arm-none-eabi-4_9-2015q3/bin/../lib/gcc/arm-none-eabi/4.9.3/../../../../arm-none-eabi/lib/armv7e-m/fpu/libg.a(lib_a-strncpy.o)
                0x0000000000002720                strncpy
 .text.startup.register_fini
                0x0000000000002788       0x14 /Applications/TI/ccsv7/tools/compiler/gcc-arm-none-eabi-4_9-2015q3/bin/../lib/gcc/arm-none-eabi/4.9.3/../../../../arm-none-eabi/lib/armv7e-m/fpu/libg.a(lib_a-__call_atexit.o)
 .text.__call_exitprocs
                0x000000000000279c       0xd4 /Applications/TI/ccsv7/tools/compiler/gcc-arm-none-eabi-4_9-2015q3/bin/../lib/gcc/arm-none-eabi/4.9.3/../../../../arm-none-eabi/lib/armv7e-m/fpu/libg.a(lib_a-__call_atexit.o)
                0x000000000000279c                __call_exitprocs
 .text.atexit   0x0000000000002870        0xc /Applications/TI/ccsv7/tools/compiler/gcc-arm-none-eabi-4_9-2015q3/bin/../lib/gcc/arm-none-eabi/4.9.3/../../../../arm-none-eabi/lib/armv7e-m/fpu/libg.a(lib_a-atexit.o)
                0x0000000000002870                atexit
 .text.__libc_fini_array
                0x000000000000287c       0x2c /Applications/TI/ccsv7/tools/compiler/gcc-arm-none-eabi-4_9-2015q3/bin/../lib/gcc/arm-none-eabi/4.9.3/../../../../arm-none-eabi/lib/armv7e-m/fpu/libg.a(lib_a-fini.o)
                0x000000000000287c                __libc_fini_array
 .text.__register_exitproc
                0x00000000000028a8       0xa4 /Applications/TI/ccsv7/tools/compiler/gcc-arm-none-eabi-4_9-2015q3/bin/../lib/gcc/arm-none-eabi/4.9.3/../../../../arm-none-eabi/lib/armv7e-m/fpu/libg.a(lib_a-__atexit.o)
                0x00000000000028a8                __register_exitproc
 .text._exit    0x000000000000294c        0x4 /Applications/TI/ccsv7/tools/compiler/gcc-arm-none-eabi-4_9-2015q3/bin/../lib/gcc/arm-none-eabi/4.9.3/../../../../arm-none-eabi/lib/armv7e-m/fpu/libnosys.a(_exit.o)
                0x000000000000294c                _exit
                0x0000000000002950                . = ALIGN (0x4)
 *(.ctors)
                0x0000000000002950                . = ALIGN (0x4)
 *(.dtors)
                0x0000000000002950                . = ALIGN (0x4)
                0x0000000000002950                __init_array_start = .
 *(.init_array*)
 .init_array    0x0000000000002950        0x4 /Applications/TI/ccsv7/tools/compiler/gcc-arm-none-eabi-4_9-2015q3/bin/../lib/gcc/arm-none-eabi/4.9.3/armv7e-m/fpu/crtbegin.o
 .init_array.00000
                0x0000000000002954        0x4 /Applications/TI/ccsv7/tools/compiler/gcc-arm-none-eabi-4_9-2015q3/bin/../lib/gcc/arm-none-eabi/4.9.3/../../../../arm-none-eabi/lib/armv7e-m/fpu/libg.a(lib_a-__call_atexit.o)
                0x0000000000002958                __init_array_end = .
 *(.init)
 .init          0x0000000000002958        0x4 /Applications/TI/ccsv7/tools/compiler/gcc-arm-none-eabi-4_9-2015q3/bin/../lib/gcc/arm-none-eabi/4.9.3/armv7e-m/fpu/crti.o
                0x0000000000002958                _init
 .init          0x000000000000295c        0x8 /Applications/TI/ccsv7/tools/compiler/gcc-arm-none-eabi-4_9-2015q3/bin/../lib/gcc/arm-none-eabi/4.9.3/armv7e-m/fpu/crtn.o
 *(.fini*)
 .fini          0x0000000000002964        0x4 /Applications/TI/ccsv7/tools/compiler/gcc-arm-none-eabi-4_9-2015q3/bin/../lib/gcc/arm-none-eabi/4.9.3/armv7e-m/fpu/crti.o
                0x0000000000002964                _fini
 .fini_array    0x0000000000002968        0x4 /Applications/TI/ccsv7/tools/compiler/gcc-arm-none-eabi-4_9-2015q3/bin/../lib/gcc/arm-none-eabi/4.9.3/armv7e-m/fpu/crtbegin.o
 .fini          0x000000000000296c        0x8 /Applications/TI/ccsv7/tools/compiler/gcc-arm-none-eabi-4_9-2015q3/bin/../lib/gcc/arm-none-eabi/4.9.3/armv7e-m/fpu/crtn.o
                0x0000000000002974                PROVIDE (__etext, .)
                0x0000000000002974                PROVIDE (_etext, .)
                0x0000000000002974                PROVIDE (etext, .)

.glue_7         0x0000000000002974        0x0
 .glue_7        0x0000000000000000        0x0 linker stubs

.glue_7t        0x0000000000002974        0x0
 .glue_7t       0x0000000000000000        0x0 linker stubs

.vfp11_veneer   0x0000000000002974        0x0
 .vfp11_veneer  0x0000000000000000        0x0 linker stubs

.v4_bx          0x0000000000002974        0x0
 .v4_bx         0x0000000000000000        0x0 linker stubs

.iplt           0x0000000000002974        0x0
 .iplt          0x0000000000000000        0x0 /Applications/TI/ccsv7/tools/compiler/gcc-arm-none-eabi-4_9-2015q3/bin/../lib/gcc/arm-none-eabi/4.9.3/armv7e-m/fpu/crtbegin.o

.rodata         0x0000000000002974       0x18
 *(.rodata)
 .rodata        0x0000000000002974        0x5 ./FRT_Library/FreeRTOS/Source/tasks.o
 *(.rodata*)
 *fill*         0x0000000000002979        0x3 
 .rodata.ulKernelPriority
                0x000000000000297c        0x4 ./FRT_Library/FreeRTOS/Source/portable/GCC/ARM_CM4/port.o
                0x000000000000297c                ulKernelPriority
 .rodata.heapSTRUCT_SIZE
                0x0000000000002980        0x2 ./FRT_Library/FreeRTOS/Source/portable/MemMang/heap_2.o
 *fill*         0x0000000000002982        0x2 
 .rodata.str1.4
                0x0000000000002984        0x4 /Applications/TI/ccsv7/tools/compiler/gcc-arm-none-eabi-4_9-2015q3/bin/../lib/gcc/arm-none-eabi/4.9.3/../../../../arm-none-eabi/lib/armv7e-m/fpu/libg.a(lib_a-impure.o)
                                          0x2 (size before relaxing)
 .rodata._global_impure_ptr
                0x0000000000002988        0x4 /Applications/TI/ccsv7/tools/compiler/gcc-arm-none-eabi-4_9-2015q3/bin/../lib/gcc/arm-none-eabi/4.9.3/../../../../arm-none-eabi/lib/armv7e-m/fpu/libg.a(lib_a-impure.o)
                0x0000000000002988                _global_impure_ptr

.eh_frame       0x000000000000298c        0x4
 .eh_frame      0x000000000000298c        0x0 /Applications/TI/ccsv7/tools/compiler/gcc-arm-none-eabi-4_9-2015q3/bin/../lib/gcc/arm-none-eabi/4.9.3/armv7e-m/fpu/crtbegin.o
 .eh_frame      0x000000000000298c        0x4 /Applications/TI/ccsv7/tools/compiler/gcc-arm-none-eabi-4_9-2015q3/bin/../lib/gcc/arm-none-eabi/4.9.3/armv7e-m/fpu/crtend.o

.data           0x0000000020000000      0x434 load address 0x0000000000002990
                0x0000000000002990                __data_load__ = LOADADDR (.data)
                0x0000000020000000                __data_start__ = .
 *(.data)
 .data          0x0000000020000000        0x0 /Applications/TI/ccsv7/tools/compiler/gcc-arm-none-eabi-4_9-2015q3/bin/../lib/gcc/arm-none-eabi/4.9.3/armv7e-m/fpu/crti.o
 .data          0x0000000020000000        0x4 /Applications/TI/ccsv7/tools/compiler/gcc-arm-none-eabi-4_9-2015q3/bin/../lib/gcc/arm-none-eabi/4.9.3/armv7e-m/fpu/crtbegin.o
                0x0000000020000000                __dso_handle
 .data          0x0000000020000004        0x0 /Applications/TI/ccsv7/tools/compiler/gcc-arm-none-eabi-4_9-2015q3/bin/../lib/gcc/arm-none-eabi/4.9.3/../../../../arm-none-eabi/lib/armv7e-m/fpu/crt0.o
 .data          0x0000000020000004        0x0 ./main.o
 .data          0x0000000020000004        0x0 ./startup_frt.o
 .data          0x0000000020000004        0x0 ./systick_frt.o
 .data          0x0000000020000004        0x0 ./FRT_Library/FreeRTOS/Source/croutine.o
 .data          0x0000000020000004        0x0 ./FRT_Library/FreeRTOS/Source/list.o
 .data          0x0000000020000004        0x0 ./FRT_Library/FreeRTOS/Source/queue.o
 .data          0x0000000020000004        0x0 ./FRT_Library/FreeRTOS/Source/tasks.o
 .data          0x0000000020000004        0x0 ./FRT_Library/FreeRTOS/Source/portable/GCC/ARM_CM4/common.o
 .data          0x0000000020000004        0x0 ./FRT_Library/FreeRTOS/Source/portable/GCC/ARM_CM4/port.o
 .data          0x0000000020000004        0x0 ./FRT_Library/FreeRTOS/Source/portable/MemMang/heap_2.o
 .data          0x0000000020000004        0x0 /Applications/TI/ccsv7/tools/compiler/gcc-arm-none-eabi-4_9-2015q3/bin/../lib/gcc/arm-none-eabi/4.9.3/../../../../arm-none-eabi/lib/armv7e-m/fpu/libg.a(lib_a-exit.o)
 .data          0x0000000020000004        0x0 /Applications/TI/ccsv7/tools/compiler/gcc-arm-none-eabi-4_9-2015q3/bin/../lib/gcc/arm-none-eabi/4.9.3/../../../../arm-none-eabi/lib/armv7e-m/fpu/libg.a(lib_a-impure.o)
 .data          0x0000000020000004        0x0 /Applications/TI/ccsv7/tools/compiler/gcc-arm-none-eabi-4_9-2015q3/bin/../lib/gcc/arm-none-eabi/4.9.3/../../../../arm-none-eabi/lib/armv7e-m/fpu/libg.a(lib_a-init.o)
 .data          0x0000000020000004        0x0 /Applications/TI/ccsv7/tools/compiler/gcc-arm-none-eabi-4_9-2015q3/bin/../lib/gcc/arm-none-eabi/4.9.3/../../../../arm-none-eabi/lib/armv7e-m/fpu/libg.a(lib_a-memcpy.o)
 .data          0x0000000020000004        0x0 /Applications/TI/ccsv7/tools/compiler/gcc-arm-none-eabi-4_9-2015q3/bin/../lib/gcc/arm-none-eabi/4.9.3/../../../../arm-none-eabi/lib/armv7e-m/fpu/libg.a(lib_a-memset.o)
 .data          0x0000000020000004        0x0 /Applications/TI/ccsv7/tools/compiler/gcc-arm-none-eabi-4_9-2015q3/bin/../lib/gcc/arm-none-eabi/4.9.3/../../../../arm-none-eabi/lib/armv7e-m/fpu/libg.a(lib_a-strncpy.o)
 .data          0x0000000020000004        0x0 /Applications/TI/ccsv7/tools/compiler/gcc-arm-none-eabi-4_9-2015q3/bin/../lib/gcc/arm-none-eabi/4.9.3/../../../../arm-none-eabi/lib/armv7e-m/fpu/libg.a(lib_a-__call_atexit.o)
 .data          0x0000000020000004        0x0 /Applications/TI/ccsv7/tools/compiler/gcc-arm-none-eabi-4_9-2015q3/bin/../lib/gcc/arm-none-eabi/4.9.3/../../../../arm-none-eabi/lib/armv7e-m/fpu/libg.a(lib_a-atexit.o)
 .data          0x0000000020000004        0x0 /Applications/TI/ccsv7/tools/compiler/gcc-arm-none-eabi-4_9-2015q3/bin/../lib/gcc/arm-none-eabi/4.9.3/../../../../arm-none-eabi/lib/armv7e-m/fpu/libg.a(lib_a-fini.o)
 .data          0x0000000020000004        0x0 /Applications/TI/ccsv7/tools/compiler/gcc-arm-none-eabi-4_9-2015q3/bin/../lib/gcc/arm-none-eabi/4.9.3/../../../../arm-none-eabi/lib/armv7e-m/fpu/libg.a(lib_a-__atexit.o)
 .data          0x0000000020000004        0x0 /Applications/TI/ccsv7/tools/compiler/gcc-arm-none-eabi-4_9-2015q3/bin/../lib/gcc/arm-none-eabi/4.9.3/../../../../arm-none-eabi/lib/armv7e-m/fpu/libnosys.a(_exit.o)
 .data          0x0000000020000004        0x0 /Applications/TI/ccsv7/tools/compiler/gcc-arm-none-eabi-4_9-2015q3/bin/../lib/gcc/arm-none-eabi/4.9.3/armv7e-m/fpu/crtend.o
 .data          0x0000000020000004        0x0 /Applications/TI/ccsv7/tools/compiler/gcc-arm-none-eabi-4_9-2015q3/bin/../lib/gcc/arm-none-eabi/4.9.3/armv7e-m/fpu/crtn.o
 *(.data*)
 .data.uxCriticalNesting
                0x0000000020000004        0x4 ./FRT_Library/FreeRTOS/Source/portable/GCC/ARM_CM4/port.o
 .data.impure_data
                0x0000000020000008      0x428 /Applications/TI/ccsv7/tools/compiler/gcc-arm-none-eabi-4_9-2015q3/bin/../lib/gcc/arm-none-eabi/4.9.3/../../../../arm-none-eabi/lib/armv7e-m/fpu/libg.a(lib_a-impure.o)
 .data._impure_ptr
                0x0000000020000430        0x4 /Applications/TI/ccsv7/tools/compiler/gcc-arm-none-eabi-4_9-2015q3/bin/../lib/gcc/arm-none-eabi/4.9.3/../../../../arm-none-eabi/lib/armv7e-m/fpu/libg.a(lib_a-impure.o)
                0x0000000020000430                _impure_ptr
                0x0000000020000434                . = ALIGN (0x4)
                0x0000000020000434                __data_end__ = .

.jcr            0x0000000020000434        0x4 load address 0x0000000000002dc4
 .jcr           0x0000000020000434        0x0 /Applications/TI/ccsv7/tools/compiler/gcc-arm-none-eabi-4_9-2015q3/bin/../lib/gcc/arm-none-eabi/4.9.3/armv7e-m/fpu/crtbegin.o
 .jcr           0x0000000020000434        0x4 /Applications/TI/ccsv7/tools/compiler/gcc-arm-none-eabi-4_9-2015q3/bin/../lib/gcc/arm-none-eabi/4.9.3/armv7e-m/fpu/crtend.o

.igot.plt       0x0000000020000438        0x0 load address 0x0000000000002dc8
 .igot.plt      0x0000000000000000        0x0 /Applications/TI/ccsv7/tools/compiler/gcc-arm-none-eabi-4_9-2015q3/bin/../lib/gcc/arm-none-eabi/4.9.3/armv7e-m/fpu/crtbegin.o

.ARM.exidx      0x0000000000002dc8        0x8
                0x0000000000002dc8                __exidx_start = .
 *(.ARM.exidx* .gnu.linkonce.armexidx.*)
 .ARM.exidx     0x0000000000002dc8        0x8 /Applications/TI/ccsv7/tools/compiler/gcc-arm-none-eabi-4_9-2015q3/bin/../lib/gcc/arm-none-eabi/4.9.3/../../../../arm-none-eabi/lib/armv7e-m/fpu/crt0.o
                0x0000000000002dd0                __exidx_end = .

.ARM.extab      0x0000000000002dd0        0x0
 *(.ARM.extab* .gnu.linkonce.armextab.*)
 .ARM.extab     0x0000000000002dd0        0x0 /Applications/TI/ccsv7/tools/compiler/gcc-arm-none-eabi-4_9-2015q3/bin/../lib/gcc/arm-none-eabi/4.9.3/../../../../arm-none-eabi/lib/armv7e-m/fpu/crt0.o

.rel.dyn        0x0000000000002dd0        0x0
 .rel.iplt      0x0000000000000000        0x0 /Applications/TI/ccsv7/tools/compiler/gcc-arm-none-eabi-4_9-2015q3/bin/../lib/gcc/arm-none-eabi/4.9.3/armv7e-m/fpu/crtbegin.o

.bss            0x0000000020000438     0x1f70
                0x0000000020000438                __bss_start__ = .
 *(.shbss)
 *(.bss)
 .bss           0x0000000020000438        0x0 /Applications/TI/ccsv7/tools/compiler/gcc-arm-none-eabi-4_9-2015q3/bin/../lib/gcc/arm-none-eabi/4.9.3/armv7e-m/fpu/crti.o
 .bss           0x0000000020000438       0x1c /Applications/TI/ccsv7/tools/compiler/gcc-arm-none-eabi-4_9-2015q3/bin/../lib/gcc/arm-none-eabi/4.9.3/armv7e-m/fpu/crtbegin.o
 .bss           0x0000000020000454        0x0 /Applications/TI/ccsv7/tools/compiler/gcc-arm-none-eabi-4_9-2015q3/bin/../lib/gcc/arm-none-eabi/4.9.3/../../../../arm-none-eabi/lib/armv7e-m/fpu/crt0.o
 .bss           0x0000000020000454        0x0 ./main.o
 .bss           0x0000000020000454        0x0 ./startup_frt.o
 .bss           0x0000000020000454        0x0 ./systick_frt.o
 .bss           0x0000000020000454        0x0 ./FRT_Library/FreeRTOS/Source/croutine.o
 .bss           0x0000000020000454        0x0 ./FRT_Library/FreeRTOS/Source/list.o
 .bss           0x0000000020000454        0x0 ./FRT_Library/FreeRTOS/Source/queue.o
 .bss           0x0000000020000454        0x0 ./FRT_Library/FreeRTOS/Source/tasks.o
 .bss           0x0000000020000454        0x0 ./FRT_Library/FreeRTOS/Source/portable/GCC/ARM_CM4/common.o
 .bss           0x0000000020000454        0x0 ./FRT_Library/FreeRTOS/Source/portable/GCC/ARM_CM4/port.o
 .bss           0x0000000020000454        0x0 ./FRT_Library/FreeRTOS/Source/portable/MemMang/heap_2.o
 .bss           0x0000000020000454        0x0 /Applications/TI/ccsv7/tools/compiler/gcc-arm-none-eabi-4_9-2015q3/bin/../lib/gcc/arm-none-eabi/4.9.3/../../../../arm-none-eabi/lib/armv7e-m/fpu/libg.a(lib_a-exit.o)
 .bss           0x0000000020000454        0x0 /Applications/TI/ccsv7/tools/compiler/gcc-arm-none-eabi-4_9-2015q3/bin/../lib/gcc/arm-none-eabi/4.9.3/../../../../arm-none-eabi/lib/armv7e-m/fpu/libg.a(lib_a-impure.o)
 .bss           0x0000000020000454        0x0 /Applications/TI/ccsv7/tools/compiler/gcc-arm-none-eabi-4_9-2015q3/bin/../lib/gcc/arm-none-eabi/4.9.3/../../../../arm-none-eabi/lib/armv7e-m/fpu/libg.a(lib_a-init.o)
 .bss           0x0000000020000454        0x0 /Applications/TI/ccsv7/tools/compiler/gcc-arm-none-eabi-4_9-2015q3/bin/../lib/gcc/arm-none-eabi/4.9.3/../../../../arm-none-eabi/lib/armv7e-m/fpu/libg.a(lib_a-memcpy.o)
 .bss           0x0000000020000454        0x0 /Applications/TI/ccsv7/tools/compiler/gcc-arm-none-eabi-4_9-2015q3/bin/../lib/gcc/arm-none-eabi/4.9.3/../../../../arm-none-eabi/lib/armv7e-m/fpu/libg.a(lib_a-memset.o)
 .bss           0x0000000020000454        0x0 /Applications/TI/ccsv7/tools/compiler/gcc-arm-none-eabi-4_9-2015q3/bin/../lib/gcc/arm-none-eabi/4.9.3/../../../../arm-none-eabi/lib/armv7e-m/fpu/libg.a(lib_a-strncpy.o)
 .bss           0x0000000020000454        0x0 /Applications/TI/ccsv7/tools/compiler/gcc-arm-none-eabi-4_9-2015q3/bin/../lib/gcc/arm-none-eabi/4.9.3/../../../../arm-none-eabi/lib/armv7e-m/fpu/libg.a(lib_a-__call_atexit.o)
 .bss           0x0000000020000454        0x0 /Applications/TI/ccsv7/tools/compiler/gcc-arm-none-eabi-4_9-2015q3/bin/../lib/gcc/arm-none-eabi/4.9.3/../../../../arm-none-eabi/lib/armv7e-m/fpu/libg.a(lib_a-atexit.o)
 .bss           0x0000000020000454        0x0 /Applications/TI/ccsv7/tools/compiler/gcc-arm-none-eabi-4_9-2015q3/bin/../lib/gcc/arm-none-eabi/4.9.3/../../../../arm-none-eabi/lib/armv7e-m/fpu/libg.a(lib_a-fini.o)
 .bss           0x0000000020000454        0x0 /Applications/TI/ccsv7/tools/compiler/gcc-arm-none-eabi-4_9-2015q3/bin/../lib/gcc/arm-none-eabi/4.9.3/../../../../arm-none-eabi/lib/armv7e-m/fpu/libg.a(lib_a-__atexit.o)
 .bss           0x0000000020000454        0x0 /Applications/TI/ccsv7/tools/compiler/gcc-arm-none-eabi-4_9-2015q3/bin/../lib/gcc/arm-none-eabi/4.9.3/../../../../arm-none-eabi/lib/armv7e-m/fpu/libnosys.a(_exit.o)
 .bss           0x0000000020000454        0x0 /Applications/TI/ccsv7/tools/compiler/gcc-arm-none-eabi-4_9-2015q3/bin/../lib/gcc/arm-none-eabi/4.9.3/armv7e-m/fpu/crtend.o
 .bss           0x0000000020000454        0x0 /Applications/TI/ccsv7/tools/compiler/gcc-arm-none-eabi-4_9-2015q3/bin/../lib/gcc/arm-none-eabi/4.9.3/armv7e-m/fpu/crtn.o
 *(.bss.*)
 .bss.pui32Stack
                0x0000000020000454      0x200 ./startup_frt.o
 .bss.pxReadyCoRoutineLists
                0x0000000020000654       0x28 ./FRT_Library/FreeRTOS/Source/croutine.o
 .bss.xDelayedCoRoutineList1
                0x000000002000067c       0x14 ./FRT_Library/FreeRTOS/Source/croutine.o
 .bss.xDelayedCoRoutineList2
                0x0000000020000690       0x14 ./FRT_Library/FreeRTOS/Source/croutine.o
 .bss.pxDelayedCoRoutineList
                0x00000000200006a4        0x4 ./FRT_Library/FreeRTOS/Source/croutine.o
 .bss.pxOverflowDelayedCoRoutineList
                0x00000000200006a8        0x4 ./FRT_Library/FreeRTOS/Source/croutine.o
 .bss.xPendingReadyCoRoutineList
                0x00000000200006ac       0x14 ./FRT_Library/FreeRTOS/Source/croutine.o
 .bss.pxCurrentCoRoutine
                0x00000000200006c0        0x4 ./FRT_Library/FreeRTOS/Source/croutine.o
                0x00000000200006c0                pxCurrentCoRoutine
 .bss.uxTopCoRoutineReadyPriority
                0x00000000200006c4        0x4 ./FRT_Library/FreeRTOS/Source/croutine.o
 .bss.xCoRoutineTickCount
                0x00000000200006c8        0x4 ./FRT_Library/FreeRTOS/Source/croutine.o
 .bss.xLastTickCount
                0x00000000200006cc        0x4 ./FRT_Library/FreeRTOS/Source/croutine.o
 .bss.xPassedTicks
                0x00000000200006d0        0x4 ./FRT_Library/FreeRTOS/Source/croutine.o
 .bss.pxCurrentTCB
                0x00000000200006d4        0x4 ./FRT_Library/FreeRTOS/Source/tasks.o
                0x00000000200006d4                pxCurrentTCB
 .bss.pxReadyTasksLists
                0x00000000200006d8       0xc8 ./FRT_Library/FreeRTOS/Source/tasks.o
 .bss.xDelayedTaskList1
                0x00000000200007a0       0x14 ./FRT_Library/FreeRTOS/Source/tasks.o
 .bss.xDelayedTaskList2
                0x00000000200007b4       0x14 ./FRT_Library/FreeRTOS/Source/tasks.o
 .bss.pxDelayedTaskList
                0x00000000200007c8        0x4 ./FRT_Library/FreeRTOS/Source/tasks.o
 .bss.pxOverflowDelayedTaskList
                0x00000000200007cc        0x4 ./FRT_Library/FreeRTOS/Source/tasks.o
 .bss.xPendingReadyList
                0x00000000200007d0       0x14 ./FRT_Library/FreeRTOS/Source/tasks.o
 .bss.xTasksWaitingTermination
                0x00000000200007e4       0x14 ./FRT_Library/FreeRTOS/Source/tasks.o
 .bss.uxTasksDeleted
                0x00000000200007f8        0x4 ./FRT_Library/FreeRTOS/Source/tasks.o
 .bss.xSuspendedTaskList
                0x00000000200007fc       0x14 ./FRT_Library/FreeRTOS/Source/tasks.o
 .bss.uxCurrentNumberOfTasks
                0x0000000020000810        0x4 ./FRT_Library/FreeRTOS/Source/tasks.o
 .bss.xTickCount
                0x0000000020000814        0x4 ./FRT_Library/FreeRTOS/Source/tasks.o
 .bss.uxTopUsedPriority
                0x0000000020000818        0x4 ./FRT_Library/FreeRTOS/Source/tasks.o
 .bss.uxTopReadyPriority
                0x000000002000081c        0x4 ./FRT_Library/FreeRTOS/Source/tasks.o
 .bss.xSchedulerRunning
                0x0000000020000820        0x4 ./FRT_Library/FreeRTOS/Source/tasks.o
 .bss.uxSchedulerSuspended
                0x0000000020000824        0x4 ./FRT_Library/FreeRTOS/Source/tasks.o
 .bss.uxMissedTicks
                0x0000000020000828        0x4 ./FRT_Library/FreeRTOS/Source/tasks.o
 .bss.xMissedYield
                0x000000002000082c        0x4 ./FRT_Library/FreeRTOS/Source/tasks.o
 .bss.xNumOfOverflows
                0x0000000020000830        0x4 ./FRT_Library/FreeRTOS/Source/tasks.o
 .bss.uxTaskNumber
                0x0000000020000834        0x4 ./FRT_Library/FreeRTOS/Source/tasks.o
 .bss.xHeap     0x0000000020000838     0x1b58 ./FRT_Library/FreeRTOS/Source/portable/MemMang/heap_2.o
 .bss.xStart    0x0000000020002390        0x8 ./FRT_Library/FreeRTOS/Source/portable/MemMang/heap_2.o
 .bss.xEnd      0x0000000020002398        0x8 ./FRT_Library/FreeRTOS/Source/portable/MemMang/heap_2.o
 .bss.xFreeBytesRemaining
                0x00000000200023a0        0x4 ./FRT_Library/FreeRTOS/Source/portable/MemMang/heap_2.o
 .bss.xHeapHasBeenInitialised.4521
                0x00000000200023a4        0x4 ./FRT_Library/FreeRTOS/Source/portable/MemMang/heap_2.o
 *(COMMON)
                0x00000000200023a8                . = ALIGN (0x4)
                0x00000000200023a8                __bss_end__ = .

.heap           0x00000000200023a8        0x0
                0x00000000200023a8                __heap_start__ = .
                0x00000000200023a8                end = __heap_start__
                0x00000000200023a8                _end = end
                0x00000000200023a8                __end = end
 *(.heap)
                0x00000000200023a8                __heap_end__ = .
                0x00000000200023a8                __HeapLimit = __heap_end__

.stack          0x00000000200023a8        0x0
                0x00000000200023a8                _stack = .
                0x00000000200023a8                __stack = .
 *(.stack)
START GROUP
LOAD /Applications/TI/ccsv7/tools/compiler/gcc-arm-none-eabi-4_9-2015q3/bin/../lib/gcc/arm-none-eabi/4.9.3/armv7e-m/fpu/libgcc.a
LOAD /Applications/TI/ccsv7/tools/compiler/gcc-arm-none-eabi-4_9-2015q3/bin/../lib/gcc/arm-none-eabi/4.9.3/../../../../arm-none-eabi/lib/armv7e-m/fpu/libg.a
LOAD /Applications/TI/ccsv7/tools/compiler/gcc-arm-none-eabi-4_9-2015q3/bin/../lib/gcc/arm-none-eabi/4.9.3/../../../../arm-none-eabi/lib/armv7e-m/fpu/libc.a
END GROUP
START GROUP
LOAD /Applications/TI/ccsv7/tools/compiler/gcc-arm-none-eabi-4_9-2015q3/bin/../lib/gcc/arm-none-eabi/4.9.3/armv7e-m/fpu/libgcc.a
LOAD /Applications/TI/ccsv7/tools/compiler/gcc-arm-none-eabi-4_9-2015q3/bin/../lib/gcc/arm-none-eabi/4.9.3/../../../../arm-none-eabi/lib/armv7e-m/fpu/libc.a
LOAD /Applications/TI/ccsv7/tools/compiler/gcc-arm-none-eabi-4_9-2015q3/bin/../lib/gcc/arm-none-eabi/4.9.3/../../../../arm-none-eabi/lib/armv7e-m/fpu/libnosys.a
END GROUP
LOAD /Applications/TI/ccsv7/tools/compiler/gcc-arm-none-eabi-4_9-2015q3/bin/../lib/gcc/arm-none-eabi/4.9.3/armv7e-m/fpu/crtend.o
LOAD /Applications/TI/ccsv7/tools/compiler/gcc-arm-none-eabi-4_9-2015q3/bin/../lib/gcc/arm-none-eabi/4.9.3/armv7e-m/fpu/crtn.o
OUTPUT(portfolio2.out elf32-littlearm)

.ARM.attributes
                0x0000000000000000       0x30
 .ARM.attributes
                0x0000000000000000       0x22 /Applications/TI/ccsv7/tools/compiler/gcc-arm-none-eabi-4_9-2015q3/bin/../lib/gcc/arm-none-eabi/4.9.3/armv7e-m/fpu/crti.o
 .ARM.attributes
                0x0000000000000022       0x34 /Applications/TI/ccsv7/tools/compiler/gcc-arm-none-eabi-4_9-2015q3/bin/../lib/gcc/arm-none-eabi/4.9.3/armv7e-m/fpu/crtbegin.o
 .ARM.attributes
                0x0000000000000056       0x20 /Applications/TI/ccsv7/tools/compiler/gcc-arm-none-eabi-4_9-2015q3/bin/../lib/gcc/arm-none-eabi/4.9.3/../../../../arm-none-eabi/lib/armv7e-m/fpu/crt0.o
 .ARM.attributes
                0x0000000000000076       0x39 ./main.o
 .ARM.attributes
                0x00000000000000af       0x39 ./startup_frt.o
 .ARM.attributes
                0x00000000000000e8       0x39 ./systick_frt.o
 .ARM.attributes
                0x0000000000000121       0x39 ./FRT_Library/FreeRTOS/Source/croutine.o
 .ARM.attributes
                0x000000000000015a       0x39 ./FRT_Library/FreeRTOS/Source/list.o
 .ARM.attributes
                0x0000000000000193       0x39 ./FRT_Library/FreeRTOS/Source/queue.o
 .ARM.attributes
                0x00000000000001cc       0x39 ./FRT_Library/FreeRTOS/Source/tasks.o
 .ARM.attributes
                0x0000000000000205       0x39 ./FRT_Library/FreeRTOS/Source/portable/GCC/ARM_CM4/common.o
 .ARM.attributes
                0x000000000000023e       0x39 ./FRT_Library/FreeRTOS/Source/portable/GCC/ARM_CM4/port.o
 .ARM.attributes
                0x0000000000000277       0x39 ./FRT_Library/FreeRTOS/Source/portable/MemMang/heap_2.o
 .ARM.attributes
                0x00000000000002b0       0x34 /Applications/TI/ccsv7/tools/compiler/gcc-arm-none-eabi-4_9-2015q3/bin/../lib/gcc/arm-none-eabi/4.9.3/../../../../arm-none-eabi/lib/armv7e-m/fpu/libg.a(lib_a-exit.o)
 .ARM.attributes
                0x00000000000002e4       0x34 /Applications/TI/ccsv7/tools/compiler/gcc-arm-none-eabi-4_9-2015q3/bin/../lib/gcc/arm-none-eabi/4.9.3/../../../../arm-none-eabi/lib/armv7e-m/fpu/libg.a(lib_a-impure.o)
 .ARM.attributes
                0x0000000000000318       0x34 /Applications/TI/ccsv7/tools/compiler/gcc-arm-none-eabi-4_9-2015q3/bin/../lib/gcc/arm-none-eabi/4.9.3/../../../../arm-none-eabi/lib/armv7e-m/fpu/libg.a(lib_a-init.o)
 .ARM.attributes
                0x000000000000034c       0x20 /Applications/TI/ccsv7/tools/compiler/gcc-arm-none-eabi-4_9-2015q3/bin/../lib/gcc/arm-none-eabi/4.9.3/../../../../arm-none-eabi/lib/armv7e-m/fpu/libg.a(lib_a-memcpy.o)
 .ARM.attributes
                0x000000000000036c       0x34 /Applications/TI/ccsv7/tools/compiler/gcc-arm-none-eabi-4_9-2015q3/bin/../lib/gcc/arm-none-eabi/4.9.3/../../../../arm-none-eabi/lib/armv7e-m/fpu/libg.a(lib_a-memset.o)
 .ARM.attributes
                0x00000000000003a0       0x34 /Applications/TI/ccsv7/tools/compiler/gcc-arm-none-eabi-4_9-2015q3/bin/../lib/gcc/arm-none-eabi/4.9.3/../../../../arm-none-eabi/lib/armv7e-m/fpu/libg.a(lib_a-strncpy.o)
 .ARM.attributes
                0x00000000000003d4       0x34 /Applications/TI/ccsv7/tools/compiler/gcc-arm-none-eabi-4_9-2015q3/bin/../lib/gcc/arm-none-eabi/4.9.3/../../../../arm-none-eabi/lib/armv7e-m/fpu/libg.a(lib_a-__call_atexit.o)
 .ARM.attributes
                0x0000000000000408       0x34 /Applications/TI/ccsv7/tools/compiler/gcc-arm-none-eabi-4_9-2015q3/bin/../lib/gcc/arm-none-eabi/4.9.3/../../../../arm-none-eabi/lib/armv7e-m/fpu/libg.a(lib_a-atexit.o)
 .ARM.attributes
                0x000000000000043c       0x34 /Applications/TI/ccsv7/tools/compiler/gcc-arm-none-eabi-4_9-2015q3/bin/../lib/gcc/arm-none-eabi/4.9.3/../../../../arm-none-eabi/lib/armv7e-m/fpu/libg.a(lib_a-fini.o)
 .ARM.attributes
                0x0000000000000470       0x34 /Applications/TI/ccsv7/tools/compiler/gcc-arm-none-eabi-4_9-2015q3/bin/../lib/gcc/arm-none-eabi/4.9.3/../../../../arm-none-eabi/lib/armv7e-m/fpu/libg.a(lib_a-__atexit.o)
 .ARM.attributes
                0x00000000000004a4       0x34 /Applications/TI/ccsv7/tools/compiler/gcc-arm-none-eabi-4_9-2015q3/bin/../lib/gcc/arm-none-eabi/4.9.3/../../../../arm-none-eabi/lib/armv7e-m/fpu/libnosys.a(_exit.o)
 .ARM.attributes
                0x00000000000004d8       0x34 /Applications/TI/ccsv7/tools/compiler/gcc-arm-none-eabi-4_9-2015q3/bin/../lib/gcc/arm-none-eabi/4.9.3/armv7e-m/fpu/crtend.o
 .ARM.attributes
                0x000000000000050c       0x22 /Applications/TI/ccsv7/tools/compiler/gcc-arm-none-eabi-4_9-2015q3/bin/../lib/gcc/arm-none-eabi/4.9.3/armv7e-m/fpu/crtn.o

.comment        0x0000000000000000       0x70
 .comment       0x0000000000000000       0x70 ./main.o
                                         0x71 (size before relaxing)
 .comment       0x0000000000000000       0x71 ./startup_frt.o
 .comment       0x0000000000000000       0x71 ./systick_frt.o
 .comment       0x0000000000000000       0x71 ./FRT_Library/FreeRTOS/Source/croutine.o
 .comment       0x0000000000000000       0x71 ./FRT_Library/FreeRTOS/Source/list.o
 .comment       0x0000000000000000       0x71 ./FRT_Library/FreeRTOS/Source/queue.o
 .comment       0x0000000000000000       0x71 ./FRT_Library/FreeRTOS/Source/tasks.o
 .comment       0x0000000000000000       0x71 ./FRT_Library/FreeRTOS/Source/portable/GCC/ARM_CM4/common.o
 .comment       0x0000000000000000       0x71 ./FRT_Library/FreeRTOS/Source/portable/GCC/ARM_CM4/port.o
 .comment       0x0000000000000000       0x71 ./FRT_Library/FreeRTOS/Source/portable/MemMang/heap_2.o

.debug_info     0x0000000000000000     0x2315
 .debug_info    0x0000000000000000       0xc0 ./main.o
 .debug_info    0x00000000000000c0      0x176 ./startup_frt.o
 .debug_info    0x0000000000000236       0xc6 ./systick_frt.o
 .debug_info    0x00000000000002fc      0x479 ./FRT_Library/FreeRTOS/Source/croutine.o
 .debug_info    0x0000000000000775      0x28d ./FRT_Library/FreeRTOS/Source/list.o
 .debug_info    0x0000000000000a02      0x789 ./FRT_Library/FreeRTOS/Source/queue.o
 .debug_info    0x000000000000118b      0xc6e ./FRT_Library/FreeRTOS/Source/tasks.o
 .debug_info    0x0000000000001df9       0xa4 ./FRT_Library/FreeRTOS/Source/portable/GCC/ARM_CM4/common.o
 .debug_info    0x0000000000001e9d      0x1ca ./FRT_Library/FreeRTOS/Source/portable/GCC/ARM_CM4/port.o
 .debug_info    0x0000000000002067      0x2ae ./FRT_Library/FreeRTOS/Source/portable/MemMang/heap_2.o

.debug_abbrev   0x0000000000000000      0x91c
 .debug_abbrev  0x0000000000000000       0x69 ./main.o
 .debug_abbrev  0x0000000000000069       0xca ./startup_frt.o
 .debug_abbrev  0x0000000000000133       0x4a ./systick_frt.o
 .debug_abbrev  0x000000000000017d      0x175 ./FRT_Library/FreeRTOS/Source/croutine.o
 .debug_abbrev  0x00000000000002f2       0xb6 ./FRT_Library/FreeRTOS/Source/list.o
 .debug_abbrev  0x00000000000003a8      0x140 ./FRT_Library/FreeRTOS/Source/queue.o
 .debug_abbrev  0x00000000000004e8      0x16f ./FRT_Library/FreeRTOS/Source/tasks.o
 .debug_abbrev  0x0000000000000657       0x6d ./FRT_Library/FreeRTOS/Source/portable/GCC/ARM_CM4/common.o
 .debug_abbrev  0x00000000000006c4       0xfc ./FRT_Library/FreeRTOS/Source/portable/GCC/ARM_CM4/port.o
 .debug_abbrev  0x00000000000007c0      0x15c ./FRT_Library/FreeRTOS/Source/portable/MemMang/heap_2.o

.debug_aranges  0x0000000000000000      0x3b0
 .debug_aranges
                0x0000000000000000       0x30 ./main.o
 .debug_aranges
                0x0000000000000030       0x38 ./startup_frt.o
 .debug_aranges
                0x0000000000000068       0x30 ./systick_frt.o
 .debug_aranges
                0x0000000000000098       0x50 ./FRT_Library/FreeRTOS/Source/croutine.o
 .debug_aranges
                0x00000000000000e8       0x40 ./FRT_Library/FreeRTOS/Source/list.o
 .debug_aranges
                0x0000000000000128       0xa8 ./FRT_Library/FreeRTOS/Source/queue.o
 .debug_aranges
                0x00000000000001d0      0x118 ./FRT_Library/FreeRTOS/Source/tasks.o
 .debug_aranges
                0x00000000000002e8       0x20 ./FRT_Library/FreeRTOS/Source/portable/GCC/ARM_CM4/common.o
 .debug_aranges
                0x0000000000000308       0x70 ./FRT_Library/FreeRTOS/Source/portable/GCC/ARM_CM4/port.o
 .debug_aranges
                0x0000000000000378       0x38 ./FRT_Library/FreeRTOS/Source/portable/MemMang/heap_2.o

.debug_ranges   0x0000000000000000      0x310
 .debug_ranges  0x0000000000000000       0x20 ./main.o
 .debug_ranges  0x0000000000000020       0x28 ./startup_frt.o
 .debug_ranges  0x0000000000000048       0x20 ./systick_frt.o
 .debug_ranges  0x0000000000000068       0x40 ./FRT_Library/FreeRTOS/Source/croutine.o
 .debug_ranges  0x00000000000000a8       0x30 ./FRT_Library/FreeRTOS/Source/list.o
 .debug_ranges  0x00000000000000d8       0x98 ./FRT_Library/FreeRTOS/Source/queue.o
 .debug_ranges  0x0000000000000170      0x108 ./FRT_Library/FreeRTOS/Source/tasks.o
 .debug_ranges  0x0000000000000278       0x10 ./FRT_Library/FreeRTOS/Source/portable/GCC/ARM_CM4/common.o
 .debug_ranges  0x0000000000000288       0x60 ./FRT_Library/FreeRTOS/Source/portable/GCC/ARM_CM4/port.o
 .debug_ranges  0x00000000000002e8       0x28 ./FRT_Library/FreeRTOS/Source/portable/MemMang/heap_2.o

.debug_line     0x0000000000000000     0x16b4
 .debug_line    0x0000000000000000       0x60 ./main.o
 .debug_line    0x0000000000000060      0x15d ./startup_frt.o
 .debug_line    0x00000000000001bd      0x14b ./systick_frt.o
 .debug_line    0x0000000000000308      0x29e ./FRT_Library/FreeRTOS/Source/croutine.o
 .debug_line    0x00000000000005a6      0x20f ./FRT_Library/FreeRTOS/Source/list.o
 .debug_line    0x00000000000007b5      0x431 ./FRT_Library/FreeRTOS/Source/queue.o
 .debug_line    0x0000000000000be6      0x5f6 ./FRT_Library/FreeRTOS/Source/tasks.o
 .debug_line    0x00000000000011dc      0x10a ./FRT_Library/FreeRTOS/Source/portable/GCC/ARM_CM4/common.o
 .debug_line    0x00000000000012e6      0x287 ./FRT_Library/FreeRTOS/Source/portable/GCC/ARM_CM4/port.o
 .debug_line    0x000000000000156d      0x147 ./FRT_Library/FreeRTOS/Source/portable/MemMang/heap_2.o

.debug_str      0x0000000000000000     0x1323
 .debug_str     0x0000000000000000      0x1de ./main.o
                                        0x212 (size before relaxing)
 .debug_str     0x00000000000001de       0x9b ./startup_frt.o
                                        0x284 (size before relaxing)
 .debug_str     0x0000000000000279       0x43 ./systick_frt.o
                                        0x23b (size before relaxing)
 .debug_str     0x00000000000002bc      0x35a ./FRT_Library/FreeRTOS/Source/croutine.o
                                        0x50b (size before relaxing)
 .debug_str     0x0000000000000616       0xb9 ./FRT_Library/FreeRTOS/Source/list.o
                                        0x33c (size before relaxing)
 .debug_str     0x00000000000006cf      0x36a ./FRT_Library/FreeRTOS/Source/queue.o
                                        0x60b (size before relaxing)
 .debug_str     0x0000000000000a39      0x5e4 ./FRT_Library/FreeRTOS/Source/tasks.o
                                        0x92c (size before relaxing)
 .debug_str     0x000000000000101d       0x5b ./FRT_Library/FreeRTOS/Source/portable/GCC/ARM_CM4/common.o
                                        0x21c (size before relaxing)
 .debug_str     0x0000000000001078      0x142 ./FRT_Library/FreeRTOS/Source/portable/GCC/ARM_CM4/port.o
                                        0x318 (size before relaxing)
 .debug_str     0x00000000000011ba      0x169 ./FRT_Library/FreeRTOS/Source/portable/MemMang/heap_2.o
                                        0x367 (size before relaxing)

.debug_frame    0x0000000000000000      0xe3c
 .debug_frame   0x0000000000000000       0x68 ./main.o
 .debug_frame   0x0000000000000068       0x7c ./startup_frt.o
 .debug_frame   0x00000000000000e4       0x70 ./systick_frt.o
 .debug_frame   0x0000000000000154      0x10c ./FRT_Library/FreeRTOS/Source/croutine.o
 .debug_frame   0x0000000000000260       0xd8 ./FRT_Library/FreeRTOS/Source/list.o
 .debug_frame   0x0000000000000338      0x2ac ./FRT_Library/FreeRTOS/Source/queue.o
 .debug_frame   0x00000000000005e4      0x494 ./FRT_Library/FreeRTOS/Source/tasks.o
 .debug_frame   0x0000000000000a78       0x30 ./FRT_Library/FreeRTOS/Source/portable/GCC/ARM_CM4/common.o
 .debug_frame   0x0000000000000aa8      0x148 ./FRT_Library/FreeRTOS/Source/portable/GCC/ARM_CM4/port.o
 .debug_frame   0x0000000000000bf0       0x98 ./FRT_Library/FreeRTOS/Source/portable/MemMang/heap_2.o
 .debug_frame   0x0000000000000c88       0x28 /Applications/TI/ccsv7/tools/compiler/gcc-arm-none-eabi-4_9-2015q3/bin/../lib/gcc/arm-none-eabi/4.9.3/../../../../arm-none-eabi/lib/armv7e-m/fpu/libg.a(lib_a-exit.o)
 .debug_frame   0x0000000000000cb0       0x2c /Applications/TI/ccsv7/tools/compiler/gcc-arm-none-eabi-4_9-2015q3/bin/../lib/gcc/arm-none-eabi/4.9.3/../../../../arm-none-eabi/lib/armv7e-m/fpu/libg.a(lib_a-init.o)
 .debug_frame   0x0000000000000cdc       0x34 /Applications/TI/ccsv7/tools/compiler/gcc-arm-none-eabi-4_9-2015q3/bin/../lib/gcc/arm-none-eabi/4.9.3/../../../../arm-none-eabi/lib/armv7e-m/fpu/libg.a(lib_a-memset.o)
 .debug_frame   0x0000000000000d10       0x34 /Applications/TI/ccsv7/tools/compiler/gcc-arm-none-eabi-4_9-2015q3/bin/../lib/gcc/arm-none-eabi/4.9.3/../../../../arm-none-eabi/lib/armv7e-m/fpu/libg.a(lib_a-strncpy.o)
 .debug_frame   0x0000000000000d44       0x50 /Applications/TI/ccsv7/tools/compiler/gcc-arm-none-eabi-4_9-2015q3/bin/../lib/gcc/arm-none-eabi/4.9.3/../../../../arm-none-eabi/lib/armv7e-m/fpu/libg.a(lib_a-__call_atexit.o)
 .debug_frame   0x0000000000000d94       0x20 /Applications/TI/ccsv7/tools/compiler/gcc-arm-none-eabi-4_9-2015q3/bin/../lib/gcc/arm-none-eabi/4.9.3/../../../../arm-none-eabi/lib/armv7e-m/fpu/libg.a(lib_a-atexit.o)
 .debug_frame   0x0000000000000db4       0x34 /Applications/TI/ccsv7/tools/compiler/gcc-arm-none-eabi-4_9-2015q3/bin/../lib/gcc/arm-none-eabi/4.9.3/../../../../arm-none-eabi/lib/armv7e-m/fpu/libg.a(lib_a-fini.o)
 .debug_frame   0x0000000000000de8       0x34 /Applications/TI/ccsv7/tools/compiler/gcc-arm-none-eabi-4_9-2015q3/bin/../lib/gcc/arm-none-eabi/4.9.3/../../../../arm-none-eabi/lib/armv7e-m/fpu/libg.a(lib_a-__atexit.o)
 .debug_frame   0x0000000000000e1c       0x20 /Applications/TI/ccsv7/tools/compiler/gcc-arm-none-eabi-4_9-2015q3/bin/../lib/gcc/arm-none-eabi/4.9.3/../../../../arm-none-eabi/lib/armv7e-m/fpu/libnosys.a(_exit.o)
