Archive member included because of file (symbol)

c:/ti/ccsv7/tools/compiler/gcc-arm-none-eabi-4_9-2015q3/bin/../lib/gcc/arm-none-eabi/4.9.3/../../../../arm-none-eabi/lib/armv7e-m/fpu\libg.a(lib_a-exit.o)
                              c:/ti/ccsv7/tools/compiler/gcc-arm-none-eabi-4_9-2015q3/bin/../lib/gcc/arm-none-eabi/4.9.3/../../../../arm-none-eabi/lib/armv7e-m/fpu/crt0.o (exit)
c:/ti/ccsv7/tools/compiler/gcc-arm-none-eabi-4_9-2015q3/bin/../lib/gcc/arm-none-eabi/4.9.3/../../../../arm-none-eabi/lib/armv7e-m/fpu\libg.a(lib_a-impure.o)
                              c:/ti/ccsv7/tools/compiler/gcc-arm-none-eabi-4_9-2015q3/bin/../lib/gcc/arm-none-eabi/4.9.3/../../../../arm-none-eabi/lib/armv7e-m/fpu\libg.a(lib_a-exit.o) (_global_impure_ptr)
c:/ti/ccsv7/tools/compiler/gcc-arm-none-eabi-4_9-2015q3/bin/../lib/gcc/arm-none-eabi/4.9.3/../../../../arm-none-eabi/lib/armv7e-m/fpu\libg.a(lib_a-init.o)
                              c:/ti/ccsv7/tools/compiler/gcc-arm-none-eabi-4_9-2015q3/bin/../lib/gcc/arm-none-eabi/4.9.3/../../../../arm-none-eabi/lib/armv7e-m/fpu/crt0.o (__libc_init_array)
c:/ti/ccsv7/tools/compiler/gcc-arm-none-eabi-4_9-2015q3/bin/../lib/gcc/arm-none-eabi/4.9.3/../../../../arm-none-eabi/lib/armv7e-m/fpu\libg.a(lib_a-memcpy.o)
                              ./FRT_Library/FreeRTOS/Source/queue.o (memcpy)
c:/ti/ccsv7/tools/compiler/gcc-arm-none-eabi-4_9-2015q3/bin/../lib/gcc/arm-none-eabi/4.9.3/../../../../arm-none-eabi/lib/armv7e-m/fpu\libg.a(lib_a-memset.o)
                              c:/ti/ccsv7/tools/compiler/gcc-arm-none-eabi-4_9-2015q3/bin/../lib/gcc/arm-none-eabi/4.9.3/../../../../arm-none-eabi/lib/armv7e-m/fpu/crt0.o (memset)
c:/ti/ccsv7/tools/compiler/gcc-arm-none-eabi-4_9-2015q3/bin/../lib/gcc/arm-none-eabi/4.9.3/../../../../arm-none-eabi/lib/armv7e-m/fpu\libg.a(lib_a-strncpy.o)
                              ./FRT_Library/FreeRTOS/Source/tasks.o (strncpy)
c:/ti/ccsv7/tools/compiler/gcc-arm-none-eabi-4_9-2015q3/bin/../lib/gcc/arm-none-eabi/4.9.3/../../../../arm-none-eabi/lib/armv7e-m/fpu\libg.a(lib_a-__call_atexit.o)
                              c:/ti/ccsv7/tools/compiler/gcc-arm-none-eabi-4_9-2015q3/bin/../lib/gcc/arm-none-eabi/4.9.3/../../../../arm-none-eabi/lib/armv7e-m/fpu\libg.a(lib_a-exit.o) (__call_exitprocs)
c:/ti/ccsv7/tools/compiler/gcc-arm-none-eabi-4_9-2015q3/bin/../lib/gcc/arm-none-eabi/4.9.3/../../../../arm-none-eabi/lib/armv7e-m/fpu\libg.a(lib_a-atexit.o)
                              c:/ti/ccsv7/tools/compiler/gcc-arm-none-eabi-4_9-2015q3/bin/../lib/gcc/arm-none-eabi/4.9.3/../../../../arm-none-eabi/lib/armv7e-m/fpu\libg.a(lib_a-__call_atexit.o) (atexit)
c:/ti/ccsv7/tools/compiler/gcc-arm-none-eabi-4_9-2015q3/bin/../lib/gcc/arm-none-eabi/4.9.3/../../../../arm-none-eabi/lib/armv7e-m/fpu\libg.a(lib_a-fini.o)
                              c:/ti/ccsv7/tools/compiler/gcc-arm-none-eabi-4_9-2015q3/bin/../lib/gcc/arm-none-eabi/4.9.3/../../../../arm-none-eabi/lib/armv7e-m/fpu\libg.a(lib_a-__call_atexit.o) (__libc_fini_array)
c:/ti/ccsv7/tools/compiler/gcc-arm-none-eabi-4_9-2015q3/bin/../lib/gcc/arm-none-eabi/4.9.3/../../../../arm-none-eabi/lib/armv7e-m/fpu\libg.a(lib_a-__atexit.o)
                              c:/ti/ccsv7/tools/compiler/gcc-arm-none-eabi-4_9-2015q3/bin/../lib/gcc/arm-none-eabi/4.9.3/../../../../arm-none-eabi/lib/armv7e-m/fpu\libg.a(lib_a-atexit.o) (__register_exitproc)
c:/ti/ccsv7/tools/compiler/gcc-arm-none-eabi-4_9-2015q3/bin/../lib/gcc/arm-none-eabi/4.9.3/../../../../arm-none-eabi/lib/armv7e-m/fpu\libnosys.a(_exit.o)
                              c:/ti/ccsv7/tools/compiler/gcc-arm-none-eabi-4_9-2015q3/bin/../lib/gcc/arm-none-eabi/4.9.3/../../../../arm-none-eabi/lib/armv7e-m/fpu\libg.a(lib_a-exit.o) (_exit)

Memory Configuration

Name             Origin             Length             Attributes
FLASH            0x00000000         0x00040000         xr
SRAM             0x20000000         0x00008000         xw
*default*        0x00000000         0xffffffff

Linker script and memory map

LOAD c:/ti/ccsv7/tools/compiler/gcc-arm-none-eabi-4_9-2015q3/bin/../lib/gcc/arm-none-eabi/4.9.3/armv7e-m/fpu/crti.o
LOAD c:/ti/ccsv7/tools/compiler/gcc-arm-none-eabi-4_9-2015q3/bin/../lib/gcc/arm-none-eabi/4.9.3/armv7e-m/fpu/crtbegin.o
LOAD c:/ti/ccsv7/tools/compiler/gcc-arm-none-eabi-4_9-2015q3/bin/../lib/gcc/arm-none-eabi/4.9.3/../../../../arm-none-eabi/lib/armv7e-m/fpu/crt0.o
LOAD ./gpio.o
LOAD ./hardware.o
LOAD ./main.o
LOAD ./startup_frt.o
LOAD ./switch.o
LOAD ./systick_frt.o
LOAD ./FRT_Library/FreeRTOS/Source/croutine.o
LOAD ./FRT_Library/FreeRTOS/Source/list.o
LOAD ./FRT_Library/FreeRTOS/Source/queue.o
LOAD ./FRT_Library/FreeRTOS/Source/tasks.o
LOAD ./FRT_Library/FreeRTOS/Source/portable/GCC/ARM_CM4/common.o
LOAD ./FRT_Library/FreeRTOS/Source/portable/GCC/ARM_CM4/port.o
LOAD ./FRT_Library/FreeRTOS/Source/portable/MemMang/heap_2.o
                0x00000000                PROVIDE (_intvecs_base_address, 0x0)

.intvecs        0x00000000      0x26c
 *(.intvecs)
 .intvecs       0x00000000      0x26c ./startup_frt.o
                0x00000000                g_pfnVectors
                0x20000000                PROVIDE (_vtable_base_address, 0x20000000)

.vtable
 *(.vtable)

.text           0x0000026c     0x27c0
 CREATE_OBJECT_SYMBOLS
 *(.text)
 .text          0x0000026c        0x0 c:/ti/ccsv7/tools/compiler/gcc-arm-none-eabi-4_9-2015q3/bin/../lib/gcc/arm-none-eabi/4.9.3/armv7e-m/fpu/crti.o
 .text          0x0000026c       0x5c c:/ti/ccsv7/tools/compiler/gcc-arm-none-eabi-4_9-2015q3/bin/../lib/gcc/arm-none-eabi/4.9.3/armv7e-m/fpu/crtbegin.o
 .text          0x000002c8       0x74 c:/ti/ccsv7/tools/compiler/gcc-arm-none-eabi-4_9-2015q3/bin/../lib/gcc/arm-none-eabi/4.9.3/../../../../arm-none-eabi/lib/armv7e-m/fpu/crt0.o
                0x000002c8                _start
                0x000002c8                _mainCRTStartup
 .text          0x0000033c        0x0 ./gpio.o
 .text          0x0000033c        0x0 ./hardware.o
 .text          0x0000033c        0x0 ./main.o
 .text          0x0000033c        0x0 ./startup_frt.o
 .text          0x0000033c        0x0 ./switch.o
 .text          0x0000033c        0x0 ./systick_frt.o
 .text          0x0000033c        0x0 ./FRT_Library/FreeRTOS/Source/croutine.o
 .text          0x0000033c        0x0 ./FRT_Library/FreeRTOS/Source/list.o
 .text          0x0000033c        0x0 ./FRT_Library/FreeRTOS/Source/queue.o
 .text          0x0000033c        0x0 ./FRT_Library/FreeRTOS/Source/tasks.o
 .text          0x0000033c        0x0 ./FRT_Library/FreeRTOS/Source/portable/GCC/ARM_CM4/common.o
 .text          0x0000033c        0x0 ./FRT_Library/FreeRTOS/Source/portable/GCC/ARM_CM4/port.o
 .text          0x0000033c        0x0 ./FRT_Library/FreeRTOS/Source/portable/MemMang/heap_2.o
 .text          0x0000033c        0x0 c:/ti/ccsv7/tools/compiler/gcc-arm-none-eabi-4_9-2015q3/bin/../lib/gcc/arm-none-eabi/4.9.3/../../../../arm-none-eabi/lib/armv7e-m/fpu\libg.a(lib_a-exit.o)
 .text          0x0000033c        0x0 c:/ti/ccsv7/tools/compiler/gcc-arm-none-eabi-4_9-2015q3/bin/../lib/gcc/arm-none-eabi/4.9.3/../../../../arm-none-eabi/lib/armv7e-m/fpu\libg.a(lib_a-impure.o)
 .text          0x0000033c        0x0 c:/ti/ccsv7/tools/compiler/gcc-arm-none-eabi-4_9-2015q3/bin/../lib/gcc/arm-none-eabi/4.9.3/../../../../arm-none-eabi/lib/armv7e-m/fpu\libg.a(lib_a-init.o)
 .text          0x0000033c      0x134 c:/ti/ccsv7/tools/compiler/gcc-arm-none-eabi-4_9-2015q3/bin/../lib/gcc/arm-none-eabi/4.9.3/../../../../arm-none-eabi/lib/armv7e-m/fpu\libg.a(lib_a-memcpy.o)
                0x0000033c                memcpy
 .text          0x00000470        0x0 c:/ti/ccsv7/tools/compiler/gcc-arm-none-eabi-4_9-2015q3/bin/../lib/gcc/arm-none-eabi/4.9.3/../../../../arm-none-eabi/lib/armv7e-m/fpu\libg.a(lib_a-memset.o)
 .text          0x00000470        0x0 c:/ti/ccsv7/tools/compiler/gcc-arm-none-eabi-4_9-2015q3/bin/../lib/gcc/arm-none-eabi/4.9.3/../../../../arm-none-eabi/lib/armv7e-m/fpu\libg.a(lib_a-strncpy.o)
 .text          0x00000470        0x0 c:/ti/ccsv7/tools/compiler/gcc-arm-none-eabi-4_9-2015q3/bin/../lib/gcc/arm-none-eabi/4.9.3/../../../../arm-none-eabi/lib/armv7e-m/fpu\libg.a(lib_a-__call_atexit.o)
 .text          0x00000470        0x0 c:/ti/ccsv7/tools/compiler/gcc-arm-none-eabi-4_9-2015q3/bin/../lib/gcc/arm-none-eabi/4.9.3/../../../../arm-none-eabi/lib/armv7e-m/fpu\libg.a(lib_a-atexit.o)
 .text          0x00000470        0x0 c:/ti/ccsv7/tools/compiler/gcc-arm-none-eabi-4_9-2015q3/bin/../lib/gcc/arm-none-eabi/4.9.3/../../../../arm-none-eabi/lib/armv7e-m/fpu\libg.a(lib_a-fini.o)
 .text          0x00000470        0x0 c:/ti/ccsv7/tools/compiler/gcc-arm-none-eabi-4_9-2015q3/bin/../lib/gcc/arm-none-eabi/4.9.3/../../../../arm-none-eabi/lib/armv7e-m/fpu\libg.a(lib_a-__atexit.o)
 .text          0x00000470        0x0 c:/ti/ccsv7/tools/compiler/gcc-arm-none-eabi-4_9-2015q3/bin/../lib/gcc/arm-none-eabi/4.9.3/../../../../arm-none-eabi/lib/armv7e-m/fpu\libnosys.a(_exit.o)
 .text          0x00000470        0x0 c:/ti/ccsv7/tools/compiler/gcc-arm-none-eabi-4_9-2015q3/bin/../lib/gcc/arm-none-eabi/4.9.3/armv7e-m/fpu/crtend.o
 .text          0x00000470        0x0 c:/ti/ccsv7/tools/compiler/gcc-arm-none-eabi-4_9-2015q3/bin/../lib/gcc/arm-none-eabi/4.9.3/armv7e-m/fpu/crtn.o
 *(.text.*)
 .text.initGPIO
                0x00000470       0xb4 ./gpio.o
                0x00000470                initGPIO
 .text.setupHardware
                0x00000524       0x10 ./hardware.o
                0x00000524                setupHardware
 .text.putChar  0x00000534       0x10 ./main.o
                0x00000534                putChar
 .text.main     0x00000544       0x14 ./main.o
                0x00000544                main
 .text.ResetISR
                0x00000558       0x68 ./startup_frt.o
                0x00000558                ResetISR
 .text.NmiSR    0x000005c0        0x8 ./startup_frt.o
 .text.FaultISR
                0x000005c8        0x8 ./startup_frt.o
 .text.IntDefaultHandler
                0x000005d0        0x8 ./startup_frt.o
 .text.enable_global_int
                0x000005d8       0x10 ./systick_frt.o
                0x000005d8                enable_global_int
 .text.disable_global_int
                0x000005e8       0x10 ./systick_frt.o
                0x000005e8                disable_global_int
 .text.init_systick
                0x000005f8       0x84 ./systick_frt.o
                0x000005f8                init_systick
 .text.xCoRoutineCreate
                0x0000067c       0xcc ./FRT_Library/FreeRTOS/Source/croutine.o
                0x0000067c                xCoRoutineCreate
 .text.vCoRoutineAddToDelayedList
                0x00000748       0x84 ./FRT_Library/FreeRTOS/Source/croutine.o
                0x00000748                vCoRoutineAddToDelayedList
 .text.prvCheckPendingReadyList
                0x000007cc       0x8c ./FRT_Library/FreeRTOS/Source/croutine.o
 .text.prvCheckDelayedList
                0x00000858      0x104 ./FRT_Library/FreeRTOS/Source/croutine.o
 .text.vCoRoutineSchedule
                0x0000095c       0xa0 ./FRT_Library/FreeRTOS/Source/croutine.o
                0x0000095c                vCoRoutineSchedule
 .text.prvInitialiseCoRoutineLists
                0x000009fc       0x68 ./FRT_Library/FreeRTOS/Source/croutine.o
 .text.xCoRoutineRemoveFromEventList
                0x00000a64       0x5c ./FRT_Library/FreeRTOS/Source/croutine.o
                0x00000a64                xCoRoutineRemoveFromEventList
 .text.vListInitialise
                0x00000ac0       0x40 ./FRT_Library/FreeRTOS/Source/list.o
                0x00000ac0                vListInitialise
 .text.vListInitialiseItem
                0x00000b00       0x18 ./FRT_Library/FreeRTOS/Source/list.o
                0x00000b00                vListInitialiseItem
 .text.vListInsertEnd
                0x00000b18       0x50 ./FRT_Library/FreeRTOS/Source/list.o
                0x00000b18                vListInsertEnd
 .text.vListInsert
                0x00000b68       0x70 ./FRT_Library/FreeRTOS/Source/list.o
                0x00000b68                vListInsert
 .text.vListRemove
                0x00000bd8       0x50 ./FRT_Library/FreeRTOS/Source/list.o
                0x00000bd8                vListRemove
 .text.xQueueCreate
                0x00000c28       0xb8 ./FRT_Library/FreeRTOS/Source/queue.o
                0x00000c28                xQueueCreate
 .text.xQueueCreateMutex
                0x00000ce0       0x78 ./FRT_Library/FreeRTOS/Source/queue.o
                0x00000ce0                xQueueCreateMutex
 .text.xQueueGiveMutexRecursive
                0x00000d58       0x48 ./FRT_Library/FreeRTOS/Source/queue.o
                0x00000d58                xQueueGiveMutexRecursive
 .text.xQueueTakeMutexRecursive
                0x00000da0       0x50 ./FRT_Library/FreeRTOS/Source/queue.o
                0x00000da0                xQueueTakeMutexRecursive
 .text.xQueueGenericSend
                0x00000df0      0x10c ./FRT_Library/FreeRTOS/Source/queue.o
                0x00000df0                xQueueGenericSend
 .text.xQueueGenericSendFromISR
                0x00000efc       0x80 ./FRT_Library/FreeRTOS/Source/queue.o
                0x00000efc                xQueueGenericSendFromISR
 .text.xQueueGenericReceive
                0x00000f7c      0x16c ./FRT_Library/FreeRTOS/Source/queue.o
                0x00000f7c                xQueueGenericReceive
 .text.xQueueReceiveFromISR
                0x000010e8       0x84 ./FRT_Library/FreeRTOS/Source/queue.o
                0x000010e8                xQueueReceiveFromISR
 .text.uxQueueMessagesWaiting
                0x0000116c       0x20 ./FRT_Library/FreeRTOS/Source/queue.o
                0x0000116c                uxQueueMessagesWaiting
 .text.uxQueueMessagesWaitingFromISR
                0x0000118c       0x1c ./FRT_Library/FreeRTOS/Source/queue.o
                0x0000118c                uxQueueMessagesWaitingFromISR
 .text.vQueueDelete
                0x000011a8       0x20 ./FRT_Library/FreeRTOS/Source/queue.o
                0x000011a8                vQueueDelete
 .text.prvCopyDataToQueue
                0x000011c8       0xb8 ./FRT_Library/FreeRTOS/Source/queue.o
 .text.prvCopyDataFromQueue
                0x00001280       0x4c ./FRT_Library/FreeRTOS/Source/queue.o
 .text.prvUnlockQueue
                0x000012cc       0x98 ./FRT_Library/FreeRTOS/Source/queue.o
 .text.prvIsQueueEmpty
                0x00001364       0x2c ./FRT_Library/FreeRTOS/Source/queue.o
 .text.xQueueIsQueueEmptyFromISR
                0x00001390       0x28 ./FRT_Library/FreeRTOS/Source/queue.o
                0x00001390                xQueueIsQueueEmptyFromISR
 .text.prvIsQueueFull
                0x000013b8       0x30 ./FRT_Library/FreeRTOS/Source/queue.o
 .text.xQueueIsQueueFullFromISR
                0x000013e8       0x2c ./FRT_Library/FreeRTOS/Source/queue.o
                0x000013e8                xQueueIsQueueFullFromISR
 .text.xTaskGenericCreate
                0x00001414      0x148 ./FRT_Library/FreeRTOS/Source/tasks.o
                0x00001414                xTaskGenericCreate
 .text.vTaskDelete
                0x0000155c       0x98 ./FRT_Library/FreeRTOS/Source/tasks.o
                0x0000155c                vTaskDelete
 .text.vTaskDelayUntil
                0x000015f4       0xd0 ./FRT_Library/FreeRTOS/Source/tasks.o
                0x000015f4                vTaskDelayUntil
 .text.vTaskDelay
                0x000016c4       0x8c ./FRT_Library/FreeRTOS/Source/tasks.o
                0x000016c4                vTaskDelay
 .text.uxTaskPriorityGet
                0x00001750       0x34 ./FRT_Library/FreeRTOS/Source/tasks.o
                0x00001750                uxTaskPriorityGet
 .text.vTaskPrioritySet
                0x00001784       0xf8 ./FRT_Library/FreeRTOS/Source/tasks.o
                0x00001784                vTaskPrioritySet
 .text.vTaskSuspend
                0x0000187c       0x70 ./FRT_Library/FreeRTOS/Source/tasks.o
                0x0000187c                vTaskSuspend
 .text.xTaskIsTaskSuspended
                0x000018ec       0x48 ./FRT_Library/FreeRTOS/Source/tasks.o
                0x000018ec                xTaskIsTaskSuspended
 .text.vTaskResume
                0x00001934       0x90 ./FRT_Library/FreeRTOS/Source/tasks.o
                0x00001934                vTaskResume
 .text.xTaskResumeFromISR
                0x000019c4       0xa0 ./FRT_Library/FreeRTOS/Source/tasks.o
                0x000019c4                xTaskResumeFromISR
 .text.vTaskStartScheduler
                0x00001a64       0x58 ./FRT_Library/FreeRTOS/Source/tasks.o
                0x00001a64                vTaskStartScheduler
 .text.vTaskEndScheduler
                0x00001abc       0x1c ./FRT_Library/FreeRTOS/Source/tasks.o
                0x00001abc                vTaskEndScheduler
 .text.vTaskSuspendAll
                0x00001ad8       0x1c ./FRT_Library/FreeRTOS/Source/tasks.o
                0x00001ad8                vTaskSuspendAll
 .text.xTaskResumeAll
                0x00001af4      0x100 ./FRT_Library/FreeRTOS/Source/tasks.o
                0x00001af4                xTaskResumeAll
 .text.xTaskGetTickCount
                0x00001bf4       0x24 ./FRT_Library/FreeRTOS/Source/tasks.o
                0x00001bf4                xTaskGetTickCount
 .text.uxTaskGetNumberOfTasks
                0x00001c18       0x18 ./FRT_Library/FreeRTOS/Source/tasks.o
                0x00001c18                uxTaskGetNumberOfTasks
 .text.vTaskIncrementTick
                0x00001c30       0xdc ./FRT_Library/FreeRTOS/Source/tasks.o
                0x00001c30                vTaskIncrementTick
 .text.vTaskSwitchContext
                0x00001d0c       0x94 ./FRT_Library/FreeRTOS/Source/tasks.o
                0x00001d0c                vTaskSwitchContext
 .text.vTaskPlaceOnEventList
                0x00001da0       0x98 ./FRT_Library/FreeRTOS/Source/tasks.o
                0x00001da0                vTaskPlaceOnEventList
 .text.xTaskRemoveFromEventList
                0x00001e38       0xac ./FRT_Library/FreeRTOS/Source/tasks.o
                0x00001e38                xTaskRemoveFromEventList
 .text.vTaskSetTimeOutState
                0x00001ee4       0x2c ./FRT_Library/FreeRTOS/Source/tasks.o
                0x00001ee4                vTaskSetTimeOutState
 .text.xTaskCheckForTimeOut
                0x00001f10       0x88 ./FRT_Library/FreeRTOS/Source/tasks.o
                0x00001f10                xTaskCheckForTimeOut
 .text.vTaskMissedYield
                0x00001f98       0x18 ./FRT_Library/FreeRTOS/Source/tasks.o
                0x00001f98                vTaskMissedYield
 .text.prvIdleTask
                0x00001fb0       0x20 ./FRT_Library/FreeRTOS/Source/tasks.o
 .text.prvInitialiseTCBVariables
                0x00001fd0       0x6c ./FRT_Library/FreeRTOS/Source/tasks.o
 .text.prvInitialiseTaskLists
                0x0000203c       0x7c ./FRT_Library/FreeRTOS/Source/tasks.o
 .text.prvCheckTasksWaitingTermination
                0x000020b8       0x84 ./FRT_Library/FreeRTOS/Source/tasks.o
 .text.prvAllocateTCBAndStack
                0x0000213c       0x64 ./FRT_Library/FreeRTOS/Source/tasks.o
 .text.prvDeleteTCB
                0x000021a0       0x20 ./FRT_Library/FreeRTOS/Source/tasks.o
 .text.xTaskGetCurrentTaskHandle
                0x000021c0       0x20 ./FRT_Library/FreeRTOS/Source/tasks.o
                0x000021c0                xTaskGetCurrentTaskHandle
 .text.vTaskPriorityInherit
                0x000021e0       0xa4 ./FRT_Library/FreeRTOS/Source/tasks.o
                0x000021e0                vTaskPriorityInherit
 .text.vTaskPriorityDisinherit
                0x00002284       0x7c ./FRT_Library/FreeRTOS/Source/tasks.o
                0x00002284                vTaskPriorityDisinherit
 .text.vApplicationStackOverflowHook
                0x00002300       0x2c ./FRT_Library/FreeRTOS/Source/portable/GCC/ARM_CM4/common.o
                0x00002300                vApplicationStackOverflowHook
 .text.pxPortInitialiseStack
                0x0000232c       0x54 ./FRT_Library/FreeRTOS/Source/portable/GCC/ARM_CM4/port.o
                0x0000232c                pxPortInitialiseStack
 .text.vPortSVCHandler
                0x00002380       0x20 ./FRT_Library/FreeRTOS/Source/portable/GCC/ARM_CM4/port.o
                0x00002380                vPortSVCHandler
 .text.vPortStartFirstTask
                0x000023a0       0x10 ./FRT_Library/FreeRTOS/Source/portable/GCC/ARM_CM4/port.o
                0x000023a0                vPortStartFirstTask
 .text.xPortStartScheduler
                0x000023b0       0x38 ./FRT_Library/FreeRTOS/Source/portable/GCC/ARM_CM4/port.o
                0x000023b0                xPortStartScheduler
 .text.vPortEndScheduler
                0x000023e8        0xc ./FRT_Library/FreeRTOS/Source/portable/GCC/ARM_CM4/port.o
                0x000023e8                vPortEndScheduler
 .text.vPortYieldFromISR
                0x000023f4       0x18 ./FRT_Library/FreeRTOS/Source/portable/GCC/ARM_CM4/port.o
                0x000023f4                vPortYieldFromISR
 .text.vPortEnterCritical
                0x0000240c       0x24 ./FRT_Library/FreeRTOS/Source/portable/GCC/ARM_CM4/port.o
                0x0000240c                vPortEnterCritical
 .text.vPortExitCritical
                0x00002430       0x2c ./FRT_Library/FreeRTOS/Source/portable/GCC/ARM_CM4/port.o
                0x00002430                vPortExitCritical
 .text.xPortPendSVHandler
                0x0000245c       0x3c ./FRT_Library/FreeRTOS/Source/portable/GCC/ARM_CM4/port.o
                0x0000245c                xPortPendSVHandler
 .text.xPortSysTickHandler
                0x00002498       0x30 ./FRT_Library/FreeRTOS/Source/portable/GCC/ARM_CM4/port.o
                0x00002498                xPortSysTickHandler
 .text.prvSetupTimerInterrupt
                0x000024c8       0x24 ./FRT_Library/FreeRTOS/Source/portable/GCC/ARM_CM4/port.o
 .text.pvPortMalloc
                0x000024ec      0x14c ./FRT_Library/FreeRTOS/Source/portable/MemMang/heap_2.o
                0x000024ec                pvPortMalloc
 .text.vPortFree
                0x00002638       0x70 ./FRT_Library/FreeRTOS/Source/portable/MemMang/heap_2.o
                0x00002638                vPortFree
 .text.xPortGetFreeHeapSize
                0x000026a8       0x18 ./FRT_Library/FreeRTOS/Source/portable/MemMang/heap_2.o
                0x000026a8                xPortGetFreeHeapSize
 .text.vPortInitialiseBlocks
                0x000026c0        0xc ./FRT_Library/FreeRTOS/Source/portable/MemMang/heap_2.o
                0x000026c0                vPortInitialiseBlocks
 .text.exit     0x000026cc       0x20 c:/ti/ccsv7/tools/compiler/gcc-arm-none-eabi-4_9-2015q3/bin/../lib/gcc/arm-none-eabi/4.9.3/../../../../arm-none-eabi/lib/armv7e-m/fpu\libg.a(lib_a-exit.o)
                0x000026cc                exit
 .text.__libc_init_array
                0x000026ec       0x50 c:/ti/ccsv7/tools/compiler/gcc-arm-none-eabi-4_9-2015q3/bin/../lib/gcc/arm-none-eabi/4.9.3/../../../../arm-none-eabi/lib/armv7e-m/fpu\libg.a(lib_a-init.o)
                0x000026ec                __libc_init_array
 .text.memset   0x0000273c       0x9c c:/ti/ccsv7/tools/compiler/gcc-arm-none-eabi-4_9-2015q3/bin/../lib/gcc/arm-none-eabi/4.9.3/../../../../arm-none-eabi/lib/armv7e-m/fpu\libg.a(lib_a-memset.o)
                0x0000273c                memset
 .text.strncpy  0x000027d8       0x68 c:/ti/ccsv7/tools/compiler/gcc-arm-none-eabi-4_9-2015q3/bin/../lib/gcc/arm-none-eabi/4.9.3/../../../../arm-none-eabi/lib/armv7e-m/fpu\libg.a(lib_a-strncpy.o)
                0x000027d8                strncpy
 .text.startup.register_fini
                0x00002840       0x14 c:/ti/ccsv7/tools/compiler/gcc-arm-none-eabi-4_9-2015q3/bin/../lib/gcc/arm-none-eabi/4.9.3/../../../../arm-none-eabi/lib/armv7e-m/fpu\libg.a(lib_a-__call_atexit.o)
 .text.__call_exitprocs
                0x00002854       0xd4 c:/ti/ccsv7/tools/compiler/gcc-arm-none-eabi-4_9-2015q3/bin/../lib/gcc/arm-none-eabi/4.9.3/../../../../arm-none-eabi/lib/armv7e-m/fpu\libg.a(lib_a-__call_atexit.o)
                0x00002854                __call_exitprocs
 .text.atexit   0x00002928        0xc c:/ti/ccsv7/tools/compiler/gcc-arm-none-eabi-4_9-2015q3/bin/../lib/gcc/arm-none-eabi/4.9.3/../../../../arm-none-eabi/lib/armv7e-m/fpu\libg.a(lib_a-atexit.o)
                0x00002928                atexit
 .text.__libc_fini_array
                0x00002934       0x2c c:/ti/ccsv7/tools/compiler/gcc-arm-none-eabi-4_9-2015q3/bin/../lib/gcc/arm-none-eabi/4.9.3/../../../../arm-none-eabi/lib/armv7e-m/fpu\libg.a(lib_a-fini.o)
                0x00002934                __libc_fini_array
 .text.__register_exitproc
                0x00002960       0xa4 c:/ti/ccsv7/tools/compiler/gcc-arm-none-eabi-4_9-2015q3/bin/../lib/gcc/arm-none-eabi/4.9.3/../../../../arm-none-eabi/lib/armv7e-m/fpu\libg.a(lib_a-__atexit.o)
                0x00002960                __register_exitproc
 .text._exit    0x00002a04        0x4 c:/ti/ccsv7/tools/compiler/gcc-arm-none-eabi-4_9-2015q3/bin/../lib/gcc/arm-none-eabi/4.9.3/../../../../arm-none-eabi/lib/armv7e-m/fpu\libnosys.a(_exit.o)
                0x00002a04                _exit
                0x00002a08                . = ALIGN (0x4)
 *(.ctors)
                0x00002a08                . = ALIGN (0x4)
 *(.dtors)
                0x00002a08                . = ALIGN (0x4)
                0x00002a08                __init_array_start = .
 *(.init_array*)
 .init_array    0x00002a08        0x4 c:/ti/ccsv7/tools/compiler/gcc-arm-none-eabi-4_9-2015q3/bin/../lib/gcc/arm-none-eabi/4.9.3/armv7e-m/fpu/crtbegin.o
 .init_array.00000
                0x00002a0c        0x4 c:/ti/ccsv7/tools/compiler/gcc-arm-none-eabi-4_9-2015q3/bin/../lib/gcc/arm-none-eabi/4.9.3/../../../../arm-none-eabi/lib/armv7e-m/fpu\libg.a(lib_a-__call_atexit.o)
                0x00002a10                __init_array_end = .
 *(.init)
 .init          0x00002a10        0x4 c:/ti/ccsv7/tools/compiler/gcc-arm-none-eabi-4_9-2015q3/bin/../lib/gcc/arm-none-eabi/4.9.3/armv7e-m/fpu/crti.o
                0x00002a10                _init
 .init          0x00002a14        0x8 c:/ti/ccsv7/tools/compiler/gcc-arm-none-eabi-4_9-2015q3/bin/../lib/gcc/arm-none-eabi/4.9.3/armv7e-m/fpu/crtn.o
 *(.fini*)
 .fini          0x00002a1c        0x4 c:/ti/ccsv7/tools/compiler/gcc-arm-none-eabi-4_9-2015q3/bin/../lib/gcc/arm-none-eabi/4.9.3/armv7e-m/fpu/crti.o
                0x00002a1c                _fini
 .fini_array    0x00002a20        0x4 c:/ti/ccsv7/tools/compiler/gcc-arm-none-eabi-4_9-2015q3/bin/../lib/gcc/arm-none-eabi/4.9.3/armv7e-m/fpu/crtbegin.o
 .fini          0x00002a24        0x8 c:/ti/ccsv7/tools/compiler/gcc-arm-none-eabi-4_9-2015q3/bin/../lib/gcc/arm-none-eabi/4.9.3/armv7e-m/fpu/crtn.o
                0x00002a2c                PROVIDE (__etext, .)
                0x00002a2c                PROVIDE (_etext, .)
                0x00002a2c                PROVIDE (etext, .)

.glue_7         0x00002a2c        0x0
 .glue_7        0x00000000        0x0 linker stubs

.glue_7t        0x00002a2c        0x0
 .glue_7t       0x00000000        0x0 linker stubs

.vfp11_veneer   0x00002a2c        0x0
 .vfp11_veneer  0x00000000        0x0 linker stubs

.v4_bx          0x00002a2c        0x0
 .v4_bx         0x00000000        0x0 linker stubs

.iplt           0x00002a2c        0x0
 .iplt          0x00000000        0x0 c:/ti/ccsv7/tools/compiler/gcc-arm-none-eabi-4_9-2015q3/bin/../lib/gcc/arm-none-eabi/4.9.3/armv7e-m/fpu/crtbegin.o

.rodata         0x00002a2c       0x18
 *(.rodata)
 .rodata        0x00002a2c        0x5 ./FRT_Library/FreeRTOS/Source/tasks.o
 *(.rodata*)
 *fill*         0x00002a31        0x3 
 .rodata.ulKernelPriority
                0x00002a34        0x4 ./FRT_Library/FreeRTOS/Source/portable/GCC/ARM_CM4/port.o
                0x00002a34                ulKernelPriority
 .rodata.heapSTRUCT_SIZE
                0x00002a38        0x2 ./FRT_Library/FreeRTOS/Source/portable/MemMang/heap_2.o
 *fill*         0x00002a3a        0x2 
 .rodata.str1.4
                0x00002a3c        0x4 c:/ti/ccsv7/tools/compiler/gcc-arm-none-eabi-4_9-2015q3/bin/../lib/gcc/arm-none-eabi/4.9.3/../../../../arm-none-eabi/lib/armv7e-m/fpu\libg.a(lib_a-impure.o)
                                  0x2 (size before relaxing)
 .rodata._global_impure_ptr
                0x00002a40        0x4 c:/ti/ccsv7/tools/compiler/gcc-arm-none-eabi-4_9-2015q3/bin/../lib/gcc/arm-none-eabi/4.9.3/../../../../arm-none-eabi/lib/armv7e-m/fpu\libg.a(lib_a-impure.o)
                0x00002a40                _global_impure_ptr

.eh_frame       0x00002a44        0x4
 .eh_frame      0x00002a44        0x0 c:/ti/ccsv7/tools/compiler/gcc-arm-none-eabi-4_9-2015q3/bin/../lib/gcc/arm-none-eabi/4.9.3/armv7e-m/fpu/crtbegin.o
 .eh_frame      0x00002a44        0x4 c:/ti/ccsv7/tools/compiler/gcc-arm-none-eabi-4_9-2015q3/bin/../lib/gcc/arm-none-eabi/4.9.3/armv7e-m/fpu/crtend.o

.data           0x20000000      0x434 load address 0x00002a48
                0x00002a48                __data_load__ = LOADADDR (.data)
                0x20000000                __data_start__ = .
 *(.data)
 .data          0x20000000        0x0 c:/ti/ccsv7/tools/compiler/gcc-arm-none-eabi-4_9-2015q3/bin/../lib/gcc/arm-none-eabi/4.9.3/armv7e-m/fpu/crti.o
 .data          0x20000000        0x4 c:/ti/ccsv7/tools/compiler/gcc-arm-none-eabi-4_9-2015q3/bin/../lib/gcc/arm-none-eabi/4.9.3/armv7e-m/fpu/crtbegin.o
                0x20000000                __dso_handle
 .data          0x20000004        0x0 c:/ti/ccsv7/tools/compiler/gcc-arm-none-eabi-4_9-2015q3/bin/../lib/gcc/arm-none-eabi/4.9.3/../../../../arm-none-eabi/lib/armv7e-m/fpu/crt0.o
 .data          0x20000004        0x0 ./gpio.o
 .data          0x20000004        0x0 ./hardware.o
 .data          0x20000004        0x0 ./main.o
 .data          0x20000004        0x0 ./startup_frt.o
 .data          0x20000004        0x0 ./switch.o
 .data          0x20000004        0x0 ./systick_frt.o
 .data          0x20000004        0x0 ./FRT_Library/FreeRTOS/Source/croutine.o
 .data          0x20000004        0x0 ./FRT_Library/FreeRTOS/Source/list.o
 .data          0x20000004        0x0 ./FRT_Library/FreeRTOS/Source/queue.o
 .data          0x20000004        0x0 ./FRT_Library/FreeRTOS/Source/tasks.o
 .data          0x20000004        0x0 ./FRT_Library/FreeRTOS/Source/portable/GCC/ARM_CM4/common.o
 .data          0x20000004        0x0 ./FRT_Library/FreeRTOS/Source/portable/GCC/ARM_CM4/port.o
 .data          0x20000004        0x0 ./FRT_Library/FreeRTOS/Source/portable/MemMang/heap_2.o
 .data          0x20000004        0x0 c:/ti/ccsv7/tools/compiler/gcc-arm-none-eabi-4_9-2015q3/bin/../lib/gcc/arm-none-eabi/4.9.3/../../../../arm-none-eabi/lib/armv7e-m/fpu\libg.a(lib_a-exit.o)
 .data          0x20000004        0x0 c:/ti/ccsv7/tools/compiler/gcc-arm-none-eabi-4_9-2015q3/bin/../lib/gcc/arm-none-eabi/4.9.3/../../../../arm-none-eabi/lib/armv7e-m/fpu\libg.a(lib_a-impure.o)
 .data          0x20000004        0x0 c:/ti/ccsv7/tools/compiler/gcc-arm-none-eabi-4_9-2015q3/bin/../lib/gcc/arm-none-eabi/4.9.3/../../../../arm-none-eabi/lib/armv7e-m/fpu\libg.a(lib_a-init.o)
 .data          0x20000004        0x0 c:/ti/ccsv7/tools/compiler/gcc-arm-none-eabi-4_9-2015q3/bin/../lib/gcc/arm-none-eabi/4.9.3/../../../../arm-none-eabi/lib/armv7e-m/fpu\libg.a(lib_a-memcpy.o)
 .data          0x20000004        0x0 c:/ti/ccsv7/tools/compiler/gcc-arm-none-eabi-4_9-2015q3/bin/../lib/gcc/arm-none-eabi/4.9.3/../../../../arm-none-eabi/lib/armv7e-m/fpu\libg.a(lib_a-memset.o)
 .data          0x20000004        0x0 c:/ti/ccsv7/tools/compiler/gcc-arm-none-eabi-4_9-2015q3/bin/../lib/gcc/arm-none-eabi/4.9.3/../../../../arm-none-eabi/lib/armv7e-m/fpu\libg.a(lib_a-strncpy.o)
 .data          0x20000004        0x0 c:/ti/ccsv7/tools/compiler/gcc-arm-none-eabi-4_9-2015q3/bin/../lib/gcc/arm-none-eabi/4.9.3/../../../../arm-none-eabi/lib/armv7e-m/fpu\libg.a(lib_a-__call_atexit.o)
 .data          0x20000004        0x0 c:/ti/ccsv7/tools/compiler/gcc-arm-none-eabi-4_9-2015q3/bin/../lib/gcc/arm-none-eabi/4.9.3/../../../../arm-none-eabi/lib/armv7e-m/fpu\libg.a(lib_a-atexit.o)
 .data          0x20000004        0x0 c:/ti/ccsv7/tools/compiler/gcc-arm-none-eabi-4_9-2015q3/bin/../lib/gcc/arm-none-eabi/4.9.3/../../../../arm-none-eabi/lib/armv7e-m/fpu\libg.a(lib_a-fini.o)
 .data          0x20000004        0x0 c:/ti/ccsv7/tools/compiler/gcc-arm-none-eabi-4_9-2015q3/bin/../lib/gcc/arm-none-eabi/4.9.3/../../../../arm-none-eabi/lib/armv7e-m/fpu\libg.a(lib_a-__atexit.o)
 .data          0x20000004        0x0 c:/ti/ccsv7/tools/compiler/gcc-arm-none-eabi-4_9-2015q3/bin/../lib/gcc/arm-none-eabi/4.9.3/../../../../arm-none-eabi/lib/armv7e-m/fpu\libnosys.a(_exit.o)
 .data          0x20000004        0x0 c:/ti/ccsv7/tools/compiler/gcc-arm-none-eabi-4_9-2015q3/bin/../lib/gcc/arm-none-eabi/4.9.3/armv7e-m/fpu/crtend.o
 .data          0x20000004        0x0 c:/ti/ccsv7/tools/compiler/gcc-arm-none-eabi-4_9-2015q3/bin/../lib/gcc/arm-none-eabi/4.9.3/armv7e-m/fpu/crtn.o
 *(.data*)
 .data.uxCriticalNesting
                0x20000004        0x4 ./FRT_Library/FreeRTOS/Source/portable/GCC/ARM_CM4/port.o
 .data.impure_data
                0x20000008      0x428 c:/ti/ccsv7/tools/compiler/gcc-arm-none-eabi-4_9-2015q3/bin/../lib/gcc/arm-none-eabi/4.9.3/../../../../arm-none-eabi/lib/armv7e-m/fpu\libg.a(lib_a-impure.o)
 .data._impure_ptr
                0x20000430        0x4 c:/ti/ccsv7/tools/compiler/gcc-arm-none-eabi-4_9-2015q3/bin/../lib/gcc/arm-none-eabi/4.9.3/../../../../arm-none-eabi/lib/armv7e-m/fpu\libg.a(lib_a-impure.o)
                0x20000430                _impure_ptr
                0x20000434                . = ALIGN (0x4)
                0x20000434                __data_end__ = .

.jcr            0x20000434        0x4 load address 0x00002e7c
 .jcr           0x20000434        0x0 c:/ti/ccsv7/tools/compiler/gcc-arm-none-eabi-4_9-2015q3/bin/../lib/gcc/arm-none-eabi/4.9.3/armv7e-m/fpu/crtbegin.o
 .jcr           0x20000434        0x4 c:/ti/ccsv7/tools/compiler/gcc-arm-none-eabi-4_9-2015q3/bin/../lib/gcc/arm-none-eabi/4.9.3/armv7e-m/fpu/crtend.o

.igot.plt       0x20000438        0x0 load address 0x00002e80
 .igot.plt      0x00000000        0x0 c:/ti/ccsv7/tools/compiler/gcc-arm-none-eabi-4_9-2015q3/bin/../lib/gcc/arm-none-eabi/4.9.3/armv7e-m/fpu/crtbegin.o

.ARM.exidx      0x00002e80        0x8
                0x00002e80                __exidx_start = .
 *(.ARM.exidx* .gnu.linkonce.armexidx.*)
 .ARM.exidx     0x00002e80        0x8 c:/ti/ccsv7/tools/compiler/gcc-arm-none-eabi-4_9-2015q3/bin/../lib/gcc/arm-none-eabi/4.9.3/../../../../arm-none-eabi/lib/armv7e-m/fpu/crt0.o
                0x00002e88                __exidx_end = .

.ARM.extab      0x00002e88        0x0
 *(.ARM.extab* .gnu.linkonce.armextab.*)
 .ARM.extab     0x00002e88        0x0 c:/ti/ccsv7/tools/compiler/gcc-arm-none-eabi-4_9-2015q3/bin/../lib/gcc/arm-none-eabi/4.9.3/../../../../arm-none-eabi/lib/armv7e-m/fpu/crt0.o

.rel.dyn        0x00002e88        0x0
 .rel.iplt      0x00000000        0x0 c:/ti/ccsv7/tools/compiler/gcc-arm-none-eabi-4_9-2015q3/bin/../lib/gcc/arm-none-eabi/4.9.3/armv7e-m/fpu/crtbegin.o

.bss            0x20000438     0x1f70
                0x20000438                __bss_start__ = .
 *(.shbss)
 *(.bss)
 .bss           0x20000438        0x0 c:/ti/ccsv7/tools/compiler/gcc-arm-none-eabi-4_9-2015q3/bin/../lib/gcc/arm-none-eabi/4.9.3/armv7e-m/fpu/crti.o
 .bss           0x20000438       0x1c c:/ti/ccsv7/tools/compiler/gcc-arm-none-eabi-4_9-2015q3/bin/../lib/gcc/arm-none-eabi/4.9.3/armv7e-m/fpu/crtbegin.o
 .bss           0x20000454        0x0 c:/ti/ccsv7/tools/compiler/gcc-arm-none-eabi-4_9-2015q3/bin/../lib/gcc/arm-none-eabi/4.9.3/../../../../arm-none-eabi/lib/armv7e-m/fpu/crt0.o
 .bss           0x20000454        0x0 ./gpio.o
 .bss           0x20000454        0x0 ./hardware.o
 .bss           0x20000454        0x0 ./main.o
 .bss           0x20000454        0x0 ./startup_frt.o
 .bss           0x20000454        0x0 ./switch.o
 .bss           0x20000454        0x0 ./systick_frt.o
 .bss           0x20000454        0x0 ./FRT_Library/FreeRTOS/Source/croutine.o
 .bss           0x20000454        0x0 ./FRT_Library/FreeRTOS/Source/list.o
 .bss           0x20000454        0x0 ./FRT_Library/FreeRTOS/Source/queue.o
 .bss           0x20000454        0x0 ./FRT_Library/FreeRTOS/Source/tasks.o
 .bss           0x20000454        0x0 ./FRT_Library/FreeRTOS/Source/portable/GCC/ARM_CM4/common.o
 .bss           0x20000454        0x0 ./FRT_Library/FreeRTOS/Source/portable/GCC/ARM_CM4/port.o
 .bss           0x20000454        0x0 ./FRT_Library/FreeRTOS/Source/portable/MemMang/heap_2.o
 .bss           0x20000454        0x0 c:/ti/ccsv7/tools/compiler/gcc-arm-none-eabi-4_9-2015q3/bin/../lib/gcc/arm-none-eabi/4.9.3/../../../../arm-none-eabi/lib/armv7e-m/fpu\libg.a(lib_a-exit.o)
 .bss           0x20000454        0x0 c:/ti/ccsv7/tools/compiler/gcc-arm-none-eabi-4_9-2015q3/bin/../lib/gcc/arm-none-eabi/4.9.3/../../../../arm-none-eabi/lib/armv7e-m/fpu\libg.a(lib_a-impure.o)
 .bss           0x20000454        0x0 c:/ti/ccsv7/tools/compiler/gcc-arm-none-eabi-4_9-2015q3/bin/../lib/gcc/arm-none-eabi/4.9.3/../../../../arm-none-eabi/lib/armv7e-m/fpu\libg.a(lib_a-init.o)
 .bss           0x20000454        0x0 c:/ti/ccsv7/tools/compiler/gcc-arm-none-eabi-4_9-2015q3/bin/../lib/gcc/arm-none-eabi/4.9.3/../../../../arm-none-eabi/lib/armv7e-m/fpu\libg.a(lib_a-memcpy.o)
 .bss           0x20000454        0x0 c:/ti/ccsv7/tools/compiler/gcc-arm-none-eabi-4_9-2015q3/bin/../lib/gcc/arm-none-eabi/4.9.3/../../../../arm-none-eabi/lib/armv7e-m/fpu\libg.a(lib_a-memset.o)
 .bss           0x20000454        0x0 c:/ti/ccsv7/tools/compiler/gcc-arm-none-eabi-4_9-2015q3/bin/../lib/gcc/arm-none-eabi/4.9.3/../../../../arm-none-eabi/lib/armv7e-m/fpu\libg.a(lib_a-strncpy.o)
 .bss           0x20000454        0x0 c:/ti/ccsv7/tools/compiler/gcc-arm-none-eabi-4_9-2015q3/bin/../lib/gcc/arm-none-eabi/4.9.3/../../../../arm-none-eabi/lib/armv7e-m/fpu\libg.a(lib_a-__call_atexit.o)
 .bss           0x20000454        0x0 c:/ti/ccsv7/tools/compiler/gcc-arm-none-eabi-4_9-2015q3/bin/../lib/gcc/arm-none-eabi/4.9.3/../../../../arm-none-eabi/lib/armv7e-m/fpu\libg.a(lib_a-atexit.o)
 .bss           0x20000454        0x0 c:/ti/ccsv7/tools/compiler/gcc-arm-none-eabi-4_9-2015q3/bin/../lib/gcc/arm-none-eabi/4.9.3/../../../../arm-none-eabi/lib/armv7e-m/fpu\libg.a(lib_a-fini.o)
 .bss           0x20000454        0x0 c:/ti/ccsv7/tools/compiler/gcc-arm-none-eabi-4_9-2015q3/bin/../lib/gcc/arm-none-eabi/4.9.3/../../../../arm-none-eabi/lib/armv7e-m/fpu\libg.a(lib_a-__atexit.o)
 .bss           0x20000454        0x0 c:/ti/ccsv7/tools/compiler/gcc-arm-none-eabi-4_9-2015q3/bin/../lib/gcc/arm-none-eabi/4.9.3/../../../../arm-none-eabi/lib/armv7e-m/fpu\libnosys.a(_exit.o)
 .bss           0x20000454        0x0 c:/ti/ccsv7/tools/compiler/gcc-arm-none-eabi-4_9-2015q3/bin/../lib/gcc/arm-none-eabi/4.9.3/armv7e-m/fpu/crtend.o
 .bss           0x20000454        0x0 c:/ti/ccsv7/tools/compiler/gcc-arm-none-eabi-4_9-2015q3/bin/../lib/gcc/arm-none-eabi/4.9.3/armv7e-m/fpu/crtn.o
 *(.bss.*)
 .bss.pui32Stack
                0x20000454      0x200 ./startup_frt.o
 .bss.pxReadyCoRoutineLists
                0x20000654       0x28 ./FRT_Library/FreeRTOS/Source/croutine.o
 .bss.xDelayedCoRoutineList1
                0x2000067c       0x14 ./FRT_Library/FreeRTOS/Source/croutine.o
 .bss.xDelayedCoRoutineList2
                0x20000690       0x14 ./FRT_Library/FreeRTOS/Source/croutine.o
 .bss.pxDelayedCoRoutineList
                0x200006a4        0x4 ./FRT_Library/FreeRTOS/Source/croutine.o
 .bss.pxOverflowDelayedCoRoutineList
                0x200006a8        0x4 ./FRT_Library/FreeRTOS/Source/croutine.o
 .bss.xPendingReadyCoRoutineList
                0x200006ac       0x14 ./FRT_Library/FreeRTOS/Source/croutine.o
 .bss.pxCurrentCoRoutine
                0x200006c0        0x4 ./FRT_Library/FreeRTOS/Source/croutine.o
                0x200006c0                pxCurrentCoRoutine
 .bss.uxTopCoRoutineReadyPriority
                0x200006c4        0x4 ./FRT_Library/FreeRTOS/Source/croutine.o
 .bss.xCoRoutineTickCount
                0x200006c8        0x4 ./FRT_Library/FreeRTOS/Source/croutine.o
 .bss.xLastTickCount
                0x200006cc        0x4 ./FRT_Library/FreeRTOS/Source/croutine.o
 .bss.xPassedTicks
                0x200006d0        0x4 ./FRT_Library/FreeRTOS/Source/croutine.o
 .bss.pxCurrentTCB
                0x200006d4        0x4 ./FRT_Library/FreeRTOS/Source/tasks.o
                0x200006d4                pxCurrentTCB
 .bss.pxReadyTasksLists
                0x200006d8       0xc8 ./FRT_Library/FreeRTOS/Source/tasks.o
 .bss.xDelayedTaskList1
                0x200007a0       0x14 ./FRT_Library/FreeRTOS/Source/tasks.o
 .bss.xDelayedTaskList2
                0x200007b4       0x14 ./FRT_Library/FreeRTOS/Source/tasks.o
 .bss.pxDelayedTaskList
                0x200007c8        0x4 ./FRT_Library/FreeRTOS/Source/tasks.o
 .bss.pxOverflowDelayedTaskList
                0x200007cc        0x4 ./FRT_Library/FreeRTOS/Source/tasks.o
 .bss.xPendingReadyList
                0x200007d0       0x14 ./FRT_Library/FreeRTOS/Source/tasks.o
 .bss.xTasksWaitingTermination
                0x200007e4       0x14 ./FRT_Library/FreeRTOS/Source/tasks.o
 .bss.uxTasksDeleted
                0x200007f8        0x4 ./FRT_Library/FreeRTOS/Source/tasks.o
 .bss.xSuspendedTaskList
                0x200007fc       0x14 ./FRT_Library/FreeRTOS/Source/tasks.o
 .bss.uxCurrentNumberOfTasks
                0x20000810        0x4 ./FRT_Library/FreeRTOS/Source/tasks.o
 .bss.xTickCount
                0x20000814        0x4 ./FRT_Library/FreeRTOS/Source/tasks.o
 .bss.uxTopUsedPriority
                0x20000818        0x4 ./FRT_Library/FreeRTOS/Source/tasks.o
 .bss.uxTopReadyPriority
                0x2000081c        0x4 ./FRT_Library/FreeRTOS/Source/tasks.o
 .bss.xSchedulerRunning
                0x20000820        0x4 ./FRT_Library/FreeRTOS/Source/tasks.o
 .bss.uxSchedulerSuspended
                0x20000824        0x4 ./FRT_Library/FreeRTOS/Source/tasks.o
 .bss.uxMissedTicks
                0x20000828        0x4 ./FRT_Library/FreeRTOS/Source/tasks.o
 .bss.xMissedYield
                0x2000082c        0x4 ./FRT_Library/FreeRTOS/Source/tasks.o
 .bss.xNumOfOverflows
                0x20000830        0x4 ./FRT_Library/FreeRTOS/Source/tasks.o
 .bss.uxTaskNumber
                0x20000834        0x4 ./FRT_Library/FreeRTOS/Source/tasks.o
 .bss.xHeap     0x20000838     0x1b58 ./FRT_Library/FreeRTOS/Source/portable/MemMang/heap_2.o
 .bss.xStart    0x20002390        0x8 ./FRT_Library/FreeRTOS/Source/portable/MemMang/heap_2.o
 .bss.xEnd      0x20002398        0x8 ./FRT_Library/FreeRTOS/Source/portable/MemMang/heap_2.o
 .bss.xFreeBytesRemaining
                0x200023a0        0x4 ./FRT_Library/FreeRTOS/Source/portable/MemMang/heap_2.o
 .bss.xHeapHasBeenInitialised.4521
                0x200023a4        0x4 ./FRT_Library/FreeRTOS/Source/portable/MemMang/heap_2.o
 *(COMMON)
                0x200023a8                . = ALIGN (0x4)
                0x200023a8                __bss_end__ = .

.heap           0x200023a8        0x0
                0x200023a8                __heap_start__ = .
                0x200023a8                end = __heap_start__
                0x200023a8                _end = end
                0x200023a8                __end = end
 *(.heap)
                0x200023a8                __heap_end__ = .
                0x200023a8                __HeapLimit = __heap_end__

.stack          0x200023a8        0x0
                0x200023a8                _stack = .
                0x200023a8                __stack = .
 *(.stack)
START GROUP
LOAD c:/ti/ccsv7/tools/compiler/gcc-arm-none-eabi-4_9-2015q3/bin/../lib/gcc/arm-none-eabi/4.9.3/armv7e-m/fpu\libgcc.a
LOAD c:/ti/ccsv7/tools/compiler/gcc-arm-none-eabi-4_9-2015q3/bin/../lib/gcc/arm-none-eabi/4.9.3/../../../../arm-none-eabi/lib/armv7e-m/fpu\libg.a
LOAD c:/ti/ccsv7/tools/compiler/gcc-arm-none-eabi-4_9-2015q3/bin/../lib/gcc/arm-none-eabi/4.9.3/../../../../arm-none-eabi/lib/armv7e-m/fpu\libc.a
END GROUP
START GROUP
LOAD c:/ti/ccsv7/tools/compiler/gcc-arm-none-eabi-4_9-2015q3/bin/../lib/gcc/arm-none-eabi/4.9.3/armv7e-m/fpu\libgcc.a
LOAD c:/ti/ccsv7/tools/compiler/gcc-arm-none-eabi-4_9-2015q3/bin/../lib/gcc/arm-none-eabi/4.9.3/../../../../arm-none-eabi/lib/armv7e-m/fpu\libc.a
LOAD c:/ti/ccsv7/tools/compiler/gcc-arm-none-eabi-4_9-2015q3/bin/../lib/gcc/arm-none-eabi/4.9.3/../../../../arm-none-eabi/lib/armv7e-m/fpu\libnosys.a
END GROUP
LOAD c:/ti/ccsv7/tools/compiler/gcc-arm-none-eabi-4_9-2015q3/bin/../lib/gcc/arm-none-eabi/4.9.3/armv7e-m/fpu/crtend.o
LOAD c:/ti/ccsv7/tools/compiler/gcc-arm-none-eabi-4_9-2015q3/bin/../lib/gcc/arm-none-eabi/4.9.3/armv7e-m/fpu/crtn.o
OUTPUT(portfolio2.out elf32-littlearm)

.ARM.attributes
                0x00000000       0x30
 .ARM.attributes
                0x00000000       0x22 c:/ti/ccsv7/tools/compiler/gcc-arm-none-eabi-4_9-2015q3/bin/../lib/gcc/arm-none-eabi/4.9.3/armv7e-m/fpu/crti.o
 .ARM.attributes
                0x00000022       0x34 c:/ti/ccsv7/tools/compiler/gcc-arm-none-eabi-4_9-2015q3/bin/../lib/gcc/arm-none-eabi/4.9.3/armv7e-m/fpu/crtbegin.o
 .ARM.attributes
                0x00000056       0x20 c:/ti/ccsv7/tools/compiler/gcc-arm-none-eabi-4_9-2015q3/bin/../lib/gcc/arm-none-eabi/4.9.3/../../../../arm-none-eabi/lib/armv7e-m/fpu/crt0.o
 .ARM.attributes
                0x00000076       0x39 ./gpio.o
 .ARM.attributes
                0x000000af       0x39 ./hardware.o
 .ARM.attributes
                0x000000e8       0x39 ./main.o
 .ARM.attributes
                0x00000121       0x39 ./startup_frt.o
 .ARM.attributes
                0x0000015a       0x39 ./switch.o
 .ARM.attributes
                0x00000193       0x39 ./systick_frt.o
 .ARM.attributes
                0x000001cc       0x39 ./FRT_Library/FreeRTOS/Source/croutine.o
 .ARM.attributes
                0x00000205       0x39 ./FRT_Library/FreeRTOS/Source/list.o
 .ARM.attributes
                0x0000023e       0x39 ./FRT_Library/FreeRTOS/Source/queue.o
 .ARM.attributes
                0x00000277       0x39 ./FRT_Library/FreeRTOS/Source/tasks.o
 .ARM.attributes
                0x000002b0       0x39 ./FRT_Library/FreeRTOS/Source/portable/GCC/ARM_CM4/common.o
 .ARM.attributes
                0x000002e9       0x39 ./FRT_Library/FreeRTOS/Source/portable/GCC/ARM_CM4/port.o
 .ARM.attributes
                0x00000322       0x39 ./FRT_Library/FreeRTOS/Source/portable/MemMang/heap_2.o
 .ARM.attributes
                0x0000035b       0x34 c:/ti/ccsv7/tools/compiler/gcc-arm-none-eabi-4_9-2015q3/bin/../lib/gcc/arm-none-eabi/4.9.3/../../../../arm-none-eabi/lib/armv7e-m/fpu\libg.a(lib_a-exit.o)
 .ARM.attributes
                0x0000038f       0x34 c:/ti/ccsv7/tools/compiler/gcc-arm-none-eabi-4_9-2015q3/bin/../lib/gcc/arm-none-eabi/4.9.3/../../../../arm-none-eabi/lib/armv7e-m/fpu\libg.a(lib_a-impure.o)
 .ARM.attributes
                0x000003c3       0x34 c:/ti/ccsv7/tools/compiler/gcc-arm-none-eabi-4_9-2015q3/bin/../lib/gcc/arm-none-eabi/4.9.3/../../../../arm-none-eabi/lib/armv7e-m/fpu\libg.a(lib_a-init.o)
 .ARM.attributes
                0x000003f7       0x20 c:/ti/ccsv7/tools/compiler/gcc-arm-none-eabi-4_9-2015q3/bin/../lib/gcc/arm-none-eabi/4.9.3/../../../../arm-none-eabi/lib/armv7e-m/fpu\libg.a(lib_a-memcpy.o)
 .ARM.attributes
                0x00000417       0x34 c:/ti/ccsv7/tools/compiler/gcc-arm-none-eabi-4_9-2015q3/bin/../lib/gcc/arm-none-eabi/4.9.3/../../../../arm-none-eabi/lib/armv7e-m/fpu\libg.a(lib_a-memset.o)
 .ARM.attributes
                0x0000044b       0x34 c:/ti/ccsv7/tools/compiler/gcc-arm-none-eabi-4_9-2015q3/bin/../lib/gcc/arm-none-eabi/4.9.3/../../../../arm-none-eabi/lib/armv7e-m/fpu\libg.a(lib_a-strncpy.o)
 .ARM.attributes
                0x0000047f       0x34 c:/ti/ccsv7/tools/compiler/gcc-arm-none-eabi-4_9-2015q3/bin/../lib/gcc/arm-none-eabi/4.9.3/../../../../arm-none-eabi/lib/armv7e-m/fpu\libg.a(lib_a-__call_atexit.o)
 .ARM.attributes
                0x000004b3       0x34 c:/ti/ccsv7/tools/compiler/gcc-arm-none-eabi-4_9-2015q3/bin/../lib/gcc/arm-none-eabi/4.9.3/../../../../arm-none-eabi/lib/armv7e-m/fpu\libg.a(lib_a-atexit.o)
 .ARM.attributes
                0x000004e7       0x34 c:/ti/ccsv7/tools/compiler/gcc-arm-none-eabi-4_9-2015q3/bin/../lib/gcc/arm-none-eabi/4.9.3/../../../../arm-none-eabi/lib/armv7e-m/fpu\libg.a(lib_a-fini.o)
 .ARM.attributes
                0x0000051b       0x34 c:/ti/ccsv7/tools/compiler/gcc-arm-none-eabi-4_9-2015q3/bin/../lib/gcc/arm-none-eabi/4.9.3/../../../../arm-none-eabi/lib/armv7e-m/fpu\libg.a(lib_a-__atexit.o)
 .ARM.attributes
                0x0000054f       0x34 c:/ti/ccsv7/tools/compiler/gcc-arm-none-eabi-4_9-2015q3/bin/../lib/gcc/arm-none-eabi/4.9.3/../../../../arm-none-eabi/lib/armv7e-m/fpu\libnosys.a(_exit.o)
 .ARM.attributes
                0x00000583       0x34 c:/ti/ccsv7/tools/compiler/gcc-arm-none-eabi-4_9-2015q3/bin/../lib/gcc/arm-none-eabi/4.9.3/armv7e-m/fpu/crtend.o
 .ARM.attributes
                0x000005b7       0x22 c:/ti/ccsv7/tools/compiler/gcc-arm-none-eabi-4_9-2015q3/bin/../lib/gcc/arm-none-eabi/4.9.3/armv7e-m/fpu/crtn.o

.comment        0x00000000       0x70
 .comment       0x00000000       0x70 ./gpio.o
                                 0x71 (size before relaxing)
 .comment       0x00000000       0x71 ./hardware.o
 .comment       0x00000000       0x71 ./main.o
 .comment       0x00000000       0x71 ./startup_frt.o
 .comment       0x00000000       0x71 ./switch.o
 .comment       0x00000000       0x71 ./systick_frt.o
 .comment       0x00000000       0x71 ./FRT_Library/FreeRTOS/Source/croutine.o
 .comment       0x00000000       0x71 ./FRT_Library/FreeRTOS/Source/list.o
 .comment       0x00000000       0x71 ./FRT_Library/FreeRTOS/Source/queue.o
 .comment       0x00000000       0x71 ./FRT_Library/FreeRTOS/Source/tasks.o
 .comment       0x00000000       0x71 ./FRT_Library/FreeRTOS/Source/portable/GCC/ARM_CM4/common.o
 .comment       0x00000000       0x71 ./FRT_Library/FreeRTOS/Source/portable/GCC/ARM_CM4/port.o
 .comment       0x00000000       0x71 ./FRT_Library/FreeRTOS/Source/portable/MemMang/heap_2.o

.debug_info     0x00000000     0x23ee
 .debug_info    0x00000000       0xb2 ./gpio.o
 .debug_info    0x000000b2       0x39 ./hardware.o
 .debug_info    0x000000eb       0xae ./main.o
 .debug_info    0x00000199      0x176 ./startup_frt.o
 .debug_info    0x0000030f       0xc6 ./systick_frt.o
 .debug_info    0x000003d5      0x479 ./FRT_Library/FreeRTOS/Source/croutine.o
 .debug_info    0x0000084e      0x28d ./FRT_Library/FreeRTOS/Source/list.o
 .debug_info    0x00000adb      0x789 ./FRT_Library/FreeRTOS/Source/queue.o
 .debug_info    0x00001264      0xc6e ./FRT_Library/FreeRTOS/Source/tasks.o
 .debug_info    0x00001ed2       0xa4 ./FRT_Library/FreeRTOS/Source/portable/GCC/ARM_CM4/common.o
 .debug_info    0x00001f76      0x1ca ./FRT_Library/FreeRTOS/Source/portable/GCC/ARM_CM4/port.o
 .debug_info    0x00002140      0x2ae ./FRT_Library/FreeRTOS/Source/portable/MemMang/heap_2.o

.debug_abbrev   0x00000000      0x98d
 .debug_abbrev  0x00000000       0x5b ./gpio.o
 .debug_abbrev  0x0000005b       0x29 ./hardware.o
 .debug_abbrev  0x00000084       0x56 ./main.o
 .debug_abbrev  0x000000da       0xca ./startup_frt.o
 .debug_abbrev  0x000001a4       0x4a ./systick_frt.o
 .debug_abbrev  0x000001ee      0x175 ./FRT_Library/FreeRTOS/Source/croutine.o
 .debug_abbrev  0x00000363       0xb6 ./FRT_Library/FreeRTOS/Source/list.o
 .debug_abbrev  0x00000419      0x140 ./FRT_Library/FreeRTOS/Source/queue.o
 .debug_abbrev  0x00000559      0x16f ./FRT_Library/FreeRTOS/Source/tasks.o
 .debug_abbrev  0x000006c8       0x6d ./FRT_Library/FreeRTOS/Source/portable/GCC/ARM_CM4/common.o
 .debug_abbrev  0x00000735       0xfc ./FRT_Library/FreeRTOS/Source/portable/GCC/ARM_CM4/port.o
 .debug_abbrev  0x00000831      0x15c ./FRT_Library/FreeRTOS/Source/portable/MemMang/heap_2.o

.debug_aranges  0x00000000      0x3e8
 .debug_aranges
                0x00000000       0x20 ./gpio.o
 .debug_aranges
                0x00000020       0x20 ./hardware.o
 .debug_aranges
                0x00000040       0x28 ./main.o
 .debug_aranges
                0x00000068       0x38 ./startup_frt.o
 .debug_aranges
                0x000000a0       0x30 ./systick_frt.o
 .debug_aranges
                0x000000d0       0x50 ./FRT_Library/FreeRTOS/Source/croutine.o
 .debug_aranges
                0x00000120       0x40 ./FRT_Library/FreeRTOS/Source/list.o
 .debug_aranges
                0x00000160       0xa8 ./FRT_Library/FreeRTOS/Source/queue.o
 .debug_aranges
                0x00000208      0x118 ./FRT_Library/FreeRTOS/Source/tasks.o
 .debug_aranges
                0x00000320       0x20 ./FRT_Library/FreeRTOS/Source/portable/GCC/ARM_CM4/common.o
 .debug_aranges
                0x00000340       0x70 ./FRT_Library/FreeRTOS/Source/portable/GCC/ARM_CM4/port.o
 .debug_aranges
                0x000003b0       0x38 ./FRT_Library/FreeRTOS/Source/portable/MemMang/heap_2.o

.debug_ranges   0x00000000      0x328
 .debug_ranges  0x00000000       0x10 ./gpio.o
 .debug_ranges  0x00000010       0x10 ./hardware.o
 .debug_ranges  0x00000020       0x18 ./main.o
 .debug_ranges  0x00000038       0x28 ./startup_frt.o
 .debug_ranges  0x00000060       0x20 ./systick_frt.o
 .debug_ranges  0x00000080       0x40 ./FRT_Library/FreeRTOS/Source/croutine.o
 .debug_ranges  0x000000c0       0x30 ./FRT_Library/FreeRTOS/Source/list.o
 .debug_ranges  0x000000f0       0x98 ./FRT_Library/FreeRTOS/Source/queue.o
 .debug_ranges  0x00000188      0x108 ./FRT_Library/FreeRTOS/Source/tasks.o
 .debug_ranges  0x00000290       0x10 ./FRT_Library/FreeRTOS/Source/portable/GCC/ARM_CM4/common.o
 .debug_ranges  0x000002a0       0x60 ./FRT_Library/FreeRTOS/Source/portable/GCC/ARM_CM4/port.o
 .debug_ranges  0x00000300       0x28 ./FRT_Library/FreeRTOS/Source/portable/MemMang/heap_2.o

.debug_line     0x00000000     0x15e6
 .debug_line    0x00000000      0x113 ./gpio.o
 .debug_line    0x00000113       0x40 ./hardware.o
 .debug_line    0x00000153       0x4f ./main.o
 .debug_line    0x000001a2      0x147 ./startup_frt.o
 .debug_line    0x000002e9        0x0 ./switch.o
 .debug_line    0x000002e9      0x135 ./systick_frt.o
 .debug_line    0x0000041e      0x24c ./FRT_Library/FreeRTOS/Source/croutine.o
 .debug_line    0x0000066a      0x1bd ./FRT_Library/FreeRTOS/Source/list.o
 .debug_line    0x00000827      0x3d4 ./FRT_Library/FreeRTOS/Source/queue.o
 .debug_line    0x00000bfb      0x599 ./FRT_Library/FreeRTOS/Source/tasks.o
 .debug_line    0x00001194       0xe1 ./FRT_Library/FreeRTOS/Source/portable/GCC/ARM_CM4/common.o
 .debug_line    0x00001275      0x235 ./FRT_Library/FreeRTOS/Source/portable/GCC/ARM_CM4/port.o
 .debug_line    0x000014aa      0x13c ./FRT_Library/FreeRTOS/Source/portable/MemMang/heap_2.o

.debug_str      0x00000000     0x132d
 .debug_str     0x00000000      0x1ab ./gpio.o
                                0x1e8 (size before relaxing)
 .debug_str     0x000001ab       0x1c ./hardware.o
                                0x146 (size before relaxing)
 .debug_str     0x000001c7       0x20 ./main.o
                                0x1db (size before relaxing)
 .debug_str     0x000001e7       0x90 ./startup_frt.o
                                0x25b (size before relaxing)
 .debug_str     0x00000277        0xc ./switch.o
                                0x136 (size before relaxing)
 .debug_str     0x00000283       0x43 ./systick_frt.o
                                0x212 (size before relaxing)
 .debug_str     0x000002c6      0x35a ./FRT_Library/FreeRTOS/Source/croutine.o
                                0x4e2 (size before relaxing)
 .debug_str     0x00000620       0xb9 ./FRT_Library/FreeRTOS/Source/list.o
                                0x313 (size before relaxing)
 .debug_str     0x000006d9      0x36a ./FRT_Library/FreeRTOS/Source/queue.o
                                0x5e2 (size before relaxing)
 .debug_str     0x00000a43      0x5e4 ./FRT_Library/FreeRTOS/Source/tasks.o
                                0x903 (size before relaxing)
 .debug_str     0x00001027       0x5b ./FRT_Library/FreeRTOS/Source/portable/GCC/ARM_CM4/common.o
                                0x1f3 (size before relaxing)
 .debug_str     0x00001082      0x142 ./FRT_Library/FreeRTOS/Source/portable/GCC/ARM_CM4/port.o
                                0x2ef (size before relaxing)
 .debug_str     0x000011c4      0x169 ./FRT_Library/FreeRTOS/Source/portable/MemMang/heap_2.o
                                0x33e (size before relaxing)

.debug_frame    0x00000000      0xe84
 .debug_frame   0x00000000       0x38 ./gpio.o
 .debug_frame   0x00000038       0x2c ./hardware.o
 .debug_frame   0x00000064       0x4c ./main.o
 .debug_frame   0x000000b0       0x7c ./startup_frt.o
 .debug_frame   0x0000012c       0x70 ./systick_frt.o
 .debug_frame   0x0000019c      0x10c ./FRT_Library/FreeRTOS/Source/croutine.o
 .debug_frame   0x000002a8       0xd8 ./FRT_Library/FreeRTOS/Source/list.o
 .debug_frame   0x00000380      0x2ac ./FRT_Library/FreeRTOS/Source/queue.o
 .debug_frame   0x0000062c      0x494 ./FRT_Library/FreeRTOS/Source/tasks.o
 .debug_frame   0x00000ac0       0x30 ./FRT_Library/FreeRTOS/Source/portable/GCC/ARM_CM4/common.o
 .debug_frame   0x00000af0      0x148 ./FRT_Library/FreeRTOS/Source/portable/GCC/ARM_CM4/port.o
 .debug_frame   0x00000c38       0x98 ./FRT_Library/FreeRTOS/Source/portable/MemMang/heap_2.o
 .debug_frame   0x00000cd0       0x28 c:/ti/ccsv7/tools/compiler/gcc-arm-none-eabi-4_9-2015q3/bin/../lib/gcc/arm-none-eabi/4.9.3/../../../../arm-none-eabi/lib/armv7e-m/fpu\libg.a(lib_a-exit.o)
 .debug_frame   0x00000cf8       0x2c c:/ti/ccsv7/tools/compiler/gcc-arm-none-eabi-4_9-2015q3/bin/../lib/gcc/arm-none-eabi/4.9.3/../../../../arm-none-eabi/lib/armv7e-m/fpu\libg.a(lib_a-init.o)
 .debug_frame   0x00000d24       0x34 c:/ti/ccsv7/tools/compiler/gcc-arm-none-eabi-4_9-2015q3/bin/../lib/gcc/arm-none-eabi/4.9.3/../../../../arm-none-eabi/lib/armv7e-m/fpu\libg.a(lib_a-memset.o)
 .debug_frame   0x00000d58       0x34 c:/ti/ccsv7/tools/compiler/gcc-arm-none-eabi-4_9-2015q3/bin/../lib/gcc/arm-none-eabi/4.9.3/../../../../arm-none-eabi/lib/armv7e-m/fpu\libg.a(lib_a-strncpy.o)
 .debug_frame   0x00000d8c       0x50 c:/ti/ccsv7/tools/compiler/gcc-arm-none-eabi-4_9-2015q3/bin/../lib/gcc/arm-none-eabi/4.9.3/../../../../arm-none-eabi/lib/armv7e-m/fpu\libg.a(lib_a-__call_atexit.o)
 .debug_frame   0x00000ddc       0x20 c:/ti/ccsv7/tools/compiler/gcc-arm-none-eabi-4_9-2015q3/bin/../lib/gcc/arm-none-eabi/4.9.3/../../../../arm-none-eabi/lib/armv7e-m/fpu\libg.a(lib_a-atexit.o)
 .debug_frame   0x00000dfc       0x34 c:/ti/ccsv7/tools/compiler/gcc-arm-none-eabi-4_9-2015q3/bin/../lib/gcc/arm-none-eabi/4.9.3/../../../../arm-none-eabi/lib/armv7e-m/fpu\libg.a(lib_a-fini.o)
 .debug_frame   0x00000e30       0x34 c:/ti/ccsv7/tools/compiler/gcc-arm-none-eabi-4_9-2015q3/bin/../lib/gcc/arm-none-eabi/4.9.3/../../../../arm-none-eabi/lib/armv7e-m/fpu\libg.a(lib_a-__atexit.o)
 .debug_frame   0x00000e64       0x20 c:/ti/ccsv7/tools/compiler/gcc-arm-none-eabi-4_9-2015q3/bin/../lib/gcc/arm-none-eabi/4.9.3/../../../../arm-none-eabi/lib/armv7e-m/fpu\libnosys.a(_exit.o)
